Jun 20 15:53:11 ip-172-31-44-191 kernel: [    0.000000] Linux version 5.4.0-1080-aws (buildd@lcy02-amd64-007) (gcc version 7.5.0 (Ubuntu 7.5.0-3ubuntu1~18.04)) #87~18.04.1-Ubuntu SMP Fri Jun 10 18:32:41 UTC 2022 (Ubuntu 5.4.0-1080.87~18.04.1-aws 5.4.189)
Jun 20 15:53:11 ip-172-31-44-191 kernel: [    0.000000] Command line: BOOT_IMAGE=/boot/vmlinuz-5.4.0-1080-aws root=LABEL=cloudimg-rootfs ro console=tty1 console=ttyS0 nvme_core.io_timeout=4294967295
Jun 20 15:53:11 ip-172-31-44-191 kernel: [    0.000000] KERNEL supported cpus:
Jun 20 15:53:11 ip-172-31-44-191 kernel: [    0.000000]   Intel GenuineIntel
Jun 20 15:53:11 ip-172-31-44-191 kernel: [    0.000000]   AMD AuthenticAMD
Jun 20 15:53:11 ip-172-31-44-191 kernel: [    0.000000]   Hygon HygonGenuine
Jun 20 15:53:11 ip-172-31-44-191 kernel: [    0.000000]   Centaur CentaurHauls
Jun 20 15:53:11 ip-172-31-44-191 kernel: [    0.000000]   zhaoxin   Shanghai  
Jun 20 15:53:11 ip-172-31-44-191 kernel: [    0.000000] x86/fpu: Supporting XSAVE feature 0x001: 'x87 floating point registers'
Jun 20 15:53:11 ip-172-31-44-191 kernel: [    0.000000] x86/fpu: Supporting XSAVE feature 0x002: 'SSE registers'
Jun 20 15:53:11 ip-172-31-44-191 kernel: [    0.000000] x86/fpu: Supporting XSAVE feature 0x004: 'AVX registers'
Jun 20 15:53:11 ip-172-31-44-191 kernel: [    0.000000] x86/fpu: Supporting XSAVE feature 0x008: 'MPX bounds registers'
Jun 20 15:53:11 ip-172-31-44-191 kernel: [    0.000000] x86/fpu: Supporting XSAVE feature 0x010: 'MPX CSR'
Jun 20 15:53:11 ip-172-31-44-191 kernel: [    0.000000] x86/fpu: Supporting XSAVE feature 0x020: 'AVX-512 opmask'
Jun 20 15:53:11 ip-172-31-44-191 kernel: [    0.000000] x86/fpu: Supporting XSAVE feature 0x040: 'AVX-512 Hi256'
Jun 20 15:53:11 ip-172-31-44-191 kernel: [    0.000000] x86/fpu: Supporting XSAVE feature 0x080: 'AVX-512 ZMM_Hi256'
Jun 20 15:53:11 ip-172-31-44-191 kernel: [    0.000000] x86/fpu: Supporting XSAVE feature 0x200: 'Protection Keys User registers'
Jun 20 15:53:11 ip-172-31-44-191 kernel: [    0.000000] x86/fpu: xstate_offset[2]:  576, xstate_sizes[2]:  256
Jun 20 15:53:11 ip-172-31-44-191 kernel: [    0.000000] x86/fpu: xstate_offset[3]:  832, xstate_sizes[3]:   64
Jun 20 15:53:11 ip-172-31-44-191 kernel: [    0.000000] x86/fpu: xstate_offset[4]:  896, xstate_sizes[4]:   64
Jun 20 15:53:11 ip-172-31-44-191 kernel: [    0.000000] x86/fpu: xstate_offset[5]:  960, xstate_sizes[5]:   64
Jun 20 15:53:11 ip-172-31-44-191 kernel: [    0.000000] x86/fpu: xstate_offset[6]: 1024, xstate_sizes[6]:  512
Jun 20 15:53:11 ip-172-31-44-191 kernel: [    0.000000] x86/fpu: xstate_offset[7]: 1536, xstate_sizes[7]: 1024
Jun 20 15:53:11 ip-172-31-44-191 kernel: [    0.000000] x86/fpu: xstate_offset[9]: 2560, xstate_sizes[9]:    8
Jun 20 15:53:11 ip-172-31-44-191 kernel: [    0.000000] x86/fpu: Enabled xstate features 0x2ff, context size is 2568 bytes, using 'compacted' format.
Jun 20 15:53:11 ip-172-31-44-191 kernel: [    0.000000] BIOS-provided physical RAM map:
Jun 20 15:53:11 ip-172-31-44-191 kernel: [    0.000000] BIOS-e820: [mem 0x0000000000000000-0x000000000009fbff] usable
Jun 20 15:53:11 ip-172-31-44-191 kernel: [    0.000000] BIOS-e820: [mem 0x000000000009fc00-0x000000000009ffff] reserved
Jun 20 15:53:11 ip-172-31-44-191 kernel: [    0.000000] BIOS-e820: [mem 0x00000000000f0000-0x00000000000fffff] reserved
Jun 20 15:53:11 ip-172-31-44-191 kernel: [    0.000000] BIOS-e820: [mem 0x0000000000100000-0x00000000bffe9fff] usable
Jun 20 15:53:11 ip-172-31-44-191 kernel: [    0.000000] BIOS-e820: [mem 0x00000000bffea000-0x00000000bfffffff] reserved
Jun 20 15:53:11 ip-172-31-44-191 kernel: [    0.000000] BIOS-e820: [mem 0x00000000e0000000-0x00000000e03fffff] reserved
Jun 20 15:53:11 ip-172-31-44-191 kernel: [    0.000000] BIOS-e820: [mem 0x00000000fffc0000-0x00000000ffffffff] reserved
Jun 20 15:53:11 ip-172-31-44-191 kernel: [    0.000000] BIOS-e820: [mem 0x0000000100000000-0x00000002329fffff] usable
Jun 20 15:53:11 ip-172-31-44-191 kernel: [    0.000000] BIOS-e820: [mem 0x0000000232a00000-0x000000023fffffff] reserved
Jun 20 15:53:11 ip-172-31-44-191 kernel: [    0.000000] NX (Execute Disable) protection: active
Jun 20 15:53:11 ip-172-31-44-191 kernel: [    0.000000] SMBIOS 2.7 present.
Jun 20 15:53:11 ip-172-31-44-191 kernel: [    0.000000] DMI: Amazon EC2 m5.large/, BIOS 1.0 10/16/2017
Jun 20 15:53:11 ip-172-31-44-191 kernel: [    0.000000] Hypervisor detected: KVM
Jun 20 15:53:11 ip-172-31-44-191 kernel: [    0.000000] kvm-clock: Using msrs 4b564d01 and 4b564d00
Jun 20 15:53:11 ip-172-31-44-191 kernel: [    0.000000] kvm-clock: cpu 0, msr ba01001, primary cpu clock
Jun 20 15:53:11 ip-172-31-44-191 kernel: [    0.000000] kvm-clock: using sched offset of 2019410666 cycles
Jun 20 15:53:11 ip-172-31-44-191 kernel: [    0.000002] clocksource: kvm-clock: mask: 0xffffffffffffffff max_cycles: 0x1cd42e4dffb, max_idle_ns: 881590591483 ns
Jun 20 15:53:11 ip-172-31-44-191 kernel: [    0.000004] tsc: Detected 2500.004 MHz processor
Jun 20 15:53:11 ip-172-31-44-191 kernel: [    0.001094] e820: update [mem 0x00000000-0x00000fff] usable ==> reserved
Jun 20 15:53:11 ip-172-31-44-191 kernel: [    0.001095] e820: remove [mem 0x000a0000-0x000fffff] usable
Jun 20 15:53:11 ip-172-31-44-191 kernel: [    0.001098] last_pfn = 0x232a00 max_arch_pfn = 0x400000000
Jun 20 15:53:11 ip-172-31-44-191 kernel: [    0.001133] MTRR default type: write-back
Jun 20 15:53:11 ip-172-31-44-191 kernel: [    0.001134] MTRR fixed ranges enabled:
Jun 20 15:53:11 ip-172-31-44-191 kernel: [    0.001135]   00000-9FFFF write-back
Jun 20 15:53:11 ip-172-31-44-191 kernel: [    0.001135]   A0000-BFFFF uncachable
Jun 20 15:53:11 ip-172-31-44-191 kernel: [    0.001136]   C0000-FFFFF write-protect
Jun 20 15:53:11 ip-172-31-44-191 kernel: [    0.001136] MTRR variable ranges enabled:
Jun 20 15:53:11 ip-172-31-44-191 kernel: [    0.001138]   0 base 0000C0000000 mask 3FFFC0000000 uncachable
Jun 20 15:53:11 ip-172-31-44-191 kernel: [    0.001138]   1 disabled
Jun 20 15:53:11 ip-172-31-44-191 kernel: [    0.001139]   2 disabled
Jun 20 15:53:11 ip-172-31-44-191 kernel: [    0.001139]   3 disabled
Jun 20 15:53:11 ip-172-31-44-191 kernel: [    0.001139]   4 disabled
Jun 20 15:53:11 ip-172-31-44-191 kernel: [    0.001140]   5 disabled
Jun 20 15:53:11 ip-172-31-44-191 kernel: [    0.001140]   6 disabled
Jun 20 15:53:11 ip-172-31-44-191 kernel: [    0.001140]   7 disabled
Jun 20 15:53:11 ip-172-31-44-191 kernel: [    0.001148] x86/PAT: Configuration [0-7]: WB  WC  UC- UC  WB  WP  UC- WT  
Jun 20 15:53:11 ip-172-31-44-191 kernel: [    0.001156] last_pfn = 0xbffea max_arch_pfn = 0x400000000
Jun 20 15:53:11 ip-172-31-44-191 kernel: [    0.008222] check: Scanning 1 areas for low memory corruption
Jun 20 15:53:11 ip-172-31-44-191 kernel: [    0.008301] Using GB pages for direct mapping
Jun 20 15:53:11 ip-172-31-44-191 kernel: [    0.008441] RAMDISK: [mem 0x356bf000-0x36b56fff]
Jun 20 15:53:11 ip-172-31-44-191 kernel: [    0.008447] ACPI: Early table checksum verification disabled
Jun 20 15:53:11 ip-172-31-44-191 kernel: [    0.008454] ACPI: RSDP 0x00000000000F8F40 000014 (v00 AMAZON)
Jun 20 15:53:11 ip-172-31-44-191 kernel: [    0.008459] ACPI: RSDT 0x00000000BFFEE350 000044 (v01 AMAZON AMZNRSDT 00000001 AMZN 00000001)
Jun 20 15:53:11 ip-172-31-44-191 kernel: [    0.008464] ACPI: FACP 0x00000000BFFEFF80 000074 (v01 AMAZON AMZNFACP 00000001 AMZN 00000001)
Jun 20 15:53:11 ip-172-31-44-191 kernel: [    0.008468] ACPI: DSDT 0x00000000BFFEE3A0 0010E9 (v01 AMAZON AMZNDSDT 00000001 AMZN 00000001)
Jun 20 15:53:11 ip-172-31-44-191 kernel: [    0.008470] ACPI: FACS 0x00000000BFFEFF40 000040
Jun 20 15:53:11 ip-172-31-44-191 kernel: [    0.008472] ACPI: SSDT 0x00000000BFFEF6C0 00087A (v01 AMAZON AMZNSSDT 00000001 AMZN 00000001)
Jun 20 15:53:11 ip-172-31-44-191 kernel: [    0.008475] ACPI: APIC 0x00000000BFFEF5D0 000076 (v01 AMAZON AMZNAPIC 00000001 AMZN 00000001)
Jun 20 15:53:11 ip-172-31-44-191 kernel: [    0.008477] ACPI: SRAT 0x00000000BFFEF530 0000A0 (v01 AMAZON AMZNSRAT 00000001 AMZN 00000001)
Jun 20 15:53:11 ip-172-31-44-191 kernel: [    0.008479] ACPI: SLIT 0x00000000BFFEF4C0 00006C (v01 AMAZON AMZNSLIT 00000001 AMZN 00000001)
Jun 20 15:53:11 ip-172-31-44-191 kernel: [    0.008482] ACPI: WAET 0x00000000BFFEF490 000028 (v01 AMAZON AMZNWAET 00000001 AMZN 00000001)
Jun 20 15:53:11 ip-172-31-44-191 kernel: [    0.008486] ACPI: HPET 0x00000000000C9000 000038 (v01 AMAZON AMZNHPET 00000001 AMZN 00000001)
Jun 20 15:53:11 ip-172-31-44-191 kernel: [    0.008488] ACPI: SSDT 0x00000000000C9040 00007B (v01 AMAZON AMZNSSDT 00000001 AMZN 00000001)
Jun 20 15:53:11 ip-172-31-44-191 kernel: [    0.008490] ACPI: Reserving FACP table memory at [mem 0xbffeff80-0xbffefff3]
Jun 20 15:53:11 ip-172-31-44-191 kernel: [    0.008491] ACPI: Reserving DSDT table memory at [mem 0xbffee3a0-0xbffef488]
Jun 20 15:53:11 ip-172-31-44-191 kernel: [    0.008492] ACPI: Reserving FACS table memory at [mem 0xbffeff40-0xbffeff7f]
Jun 20 15:53:11 ip-172-31-44-191 kernel: [    0.008493] ACPI: Reserving SSDT table memory at [mem 0xbffef6c0-0xbffeff39]
Jun 20 15:53:11 ip-172-31-44-191 kernel: [    0.008493] ACPI: Reserving APIC table memory at [mem 0xbffef5d0-0xbffef645]
Jun 20 15:53:11 ip-172-31-44-191 kernel: [    0.008494] ACPI: Reserving SRAT table memory at [mem 0xbffef530-0xbffef5cf]
Jun 20 15:53:11 ip-172-31-44-191 kernel: [    0.008495] ACPI: Reserving SLIT table memory at [mem 0xbffef4c0-0xbffef52b]
Jun 20 15:53:11 ip-172-31-44-191 kernel: [    0.008496] ACPI: Reserving WAET table memory at [mem 0xbffef490-0xbffef4b7]
Jun 20 15:53:11 ip-172-31-44-191 kernel: [    0.008496] ACPI: Reserving HPET table memory at [mem 0xc9000-0xc9037]
Jun 20 15:53:11 ip-172-31-44-191 kernel: [    0.008497] ACPI: Reserving SSDT table memory at [mem 0xc9040-0xc90ba]
Jun 20 15:53:11 ip-172-31-44-191 kernel: [    0.008512] ACPI: Local APIC address 0xfee00000
Jun 20 15:53:11 ip-172-31-44-191 kernel: [    0.008584] SRAT: PXM 0 -> APIC 0x00 -> Node 0
Jun 20 15:53:11 ip-172-31-44-191 kernel: [    0.008585] SRAT: PXM 0 -> APIC 0x01 -> Node 0
Jun 20 15:53:11 ip-172-31-44-191 kernel: [    0.008588] ACPI: SRAT: Node 0 PXM 0 [mem 0x00000000-0xbfffffff]
Jun 20 15:53:11 ip-172-31-44-191 kernel: [    0.008590] ACPI: SRAT: Node 0 PXM 0 [mem 0x100000000-0x23fffffff]
Jun 20 15:53:11 ip-172-31-44-191 kernel: [    0.008598] NUMA: Initialized distance table, cnt=1
Jun 20 15:53:11 ip-172-31-44-191 kernel: [    0.008600] NUMA: Node 0 [mem 0x00000000-0xbfffffff] + [mem 0x100000000-0x2329fffff] -> [mem 0x00000000-0x2329fffff]
Jun 20 15:53:11 ip-172-31-44-191 kernel: [    0.008614] NODE_DATA(0) allocated [mem 0x2329d2000-0x2329fcfff]
Jun 20 15:53:11 ip-172-31-44-191 kernel: [    0.008895] Zone ranges:
Jun 20 15:53:11 ip-172-31-44-191 kernel: [    0.008896]   DMA      [mem 0x0000000000001000-0x0000000000ffffff]
Jun 20 15:53:11 ip-172-31-44-191 kernel: [    0.008897]   DMA32    [mem 0x0000000001000000-0x00000000ffffffff]
Jun 20 15:53:11 ip-172-31-44-191 kernel: [    0.008898]   Normal   [mem 0x0000000100000000-0x00000002329fffff]
Jun 20 15:53:11 ip-172-31-44-191 kernel: [    0.008899]   Device   empty
Jun 20 15:53:11 ip-172-31-44-191 kernel: [    0.008900] Movable zone start for each node
Jun 20 15:53:11 ip-172-31-44-191 kernel: [    0.008903] Early memory node ranges
Jun 20 15:53:11 ip-172-31-44-191 kernel: [    0.008904]   node   0: [mem 0x0000000000001000-0x000000000009efff]
Jun 20 15:53:11 ip-172-31-44-191 kernel: [    0.008905]   node   0: [mem 0x0000000000100000-0x00000000bffe9fff]
Jun 20 15:53:11 ip-172-31-44-191 kernel: [    0.008906]   node   0: [mem 0x0000000100000000-0x00000002329fffff]
Jun 20 15:53:11 ip-172-31-44-191 kernel: [    0.009106] Zeroed struct page in unavailable ranges: 22136 pages
Jun 20 15:53:11 ip-172-31-44-191 kernel: [    0.009107] Initmem setup node 0 [mem 0x0000000000001000-0x00000002329fffff]
Jun 20 15:53:11 ip-172-31-44-191 kernel: [    0.009109] On node 0 totalpages: 2042248
Jun 20 15:53:11 ip-172-31-44-191 kernel: [    0.009110]   DMA zone: 64 pages used for memmap
Jun 20 15:53:11 ip-172-31-44-191 kernel: [    0.009110]   DMA zone: 21 pages reserved
Jun 20 15:53:11 ip-172-31-44-191 kernel: [    0.009111]   DMA zone: 3998 pages, LIFO batch:0
Jun 20 15:53:11 ip-172-31-44-191 kernel: [    0.009172]   DMA32 zone: 12224 pages used for memmap
Jun 20 15:53:11 ip-172-31-44-191 kernel: [    0.009173]   DMA32 zone: 782314 pages, LIFO batch:63
Jun 20 15:53:11 ip-172-31-44-191 kernel: [    0.021022]   Normal zone: 19624 pages used for memmap
Jun 20 15:53:11 ip-172-31-44-191 kernel: [    0.021023]   Normal zone: 1255936 pages, LIFO batch:63
Jun 20 15:53:11 ip-172-31-44-191 kernel: [    0.038573] ACPI: PM-Timer IO Port: 0xb008
Jun 20 15:53:11 ip-172-31-44-191 kernel: [    0.038576] ACPI: Local APIC address 0xfee00000
Jun 20 15:53:11 ip-172-31-44-191 kernel: [    0.038585] ACPI: LAPIC_NMI (acpi_id[0xff] dfl dfl lint[0x1])
Jun 20 15:53:11 ip-172-31-44-191 kernel: [    0.038620] IOAPIC[0]: apic_id 0, version 17, address 0xfec00000, GSI 0-23
Jun 20 15:53:11 ip-172-31-44-191 kernel: [    0.038622] ACPI: INT_SRC_OVR (bus 0 bus_irq 5 global_irq 5 high level)
Jun 20 15:53:11 ip-172-31-44-191 kernel: [    0.038624] ACPI: INT_SRC_OVR (bus 0 bus_irq 9 global_irq 9 high level)
Jun 20 15:53:11 ip-172-31-44-191 kernel: [    0.038625] ACPI: INT_SRC_OVR (bus 0 bus_irq 10 global_irq 10 high level)
Jun 20 15:53:11 ip-172-31-44-191 kernel: [    0.038626] ACPI: INT_SRC_OVR (bus 0 bus_irq 11 global_irq 11 high level)
Jun 20 15:53:11 ip-172-31-44-191 kernel: [    0.038627] ACPI: IRQ5 used by override.
Jun 20 15:53:11 ip-172-31-44-191 kernel: [    0.038628] ACPI: IRQ9 used by override.
Jun 20 15:53:11 ip-172-31-44-191 kernel: [    0.038628] ACPI: IRQ10 used by override.
Jun 20 15:53:11 ip-172-31-44-191 kernel: [    0.038628] ACPI: IRQ11 used by override.
Jun 20 15:53:11 ip-172-31-44-191 kernel: [    0.038630] Using ACPI (MADT) for SMP configuration information
Jun 20 15:53:11 ip-172-31-44-191 kernel: [    0.038632] ACPI: HPET id: 0x8086a201 base: 0xfed00000
Jun 20 15:53:11 ip-172-31-44-191 kernel: [    0.038635] TSC deadline timer available
Jun 20 15:53:11 ip-172-31-44-191 kernel: [    0.038636] smpboot: Allowing 2 CPUs, 0 hotplug CPUs
Jun 20 15:53:11 ip-172-31-44-191 kernel: [    0.038664] PM: Registered nosave memory: [mem 0x00000000-0x00000fff]
Jun 20 15:53:11 ip-172-31-44-191 kernel: [    0.038667] PM: Registered nosave memory: [mem 0x0009f000-0x0009ffff]
Jun 20 15:53:11 ip-172-31-44-191 kernel: [    0.038669] PM: Registered nosave memory: [mem 0x000a0000-0x000effff]
Jun 20 15:53:11 ip-172-31-44-191 kernel: [    0.038670] PM: Registered nosave memory: [mem 0x000f0000-0x000fffff]
Jun 20 15:53:11 ip-172-31-44-191 kernel: [    0.038673] PM: Registered nosave memory: [mem 0xbffea000-0xbfffffff]
Jun 20 15:53:11 ip-172-31-44-191 kernel: [    0.038674] PM: Registered nosave memory: [mem 0xc0000000-0xdfffffff]
Jun 20 15:53:11 ip-172-31-44-191 kernel: [    0.038676] PM: Registered nosave memory: [mem 0xe0000000-0xe03fffff]
Jun 20 15:53:11 ip-172-31-44-191 kernel: [    0.038677] PM: Registered nosave memory: [mem 0xe0400000-0xfffbffff]
Jun 20 15:53:11 ip-172-31-44-191 kernel: [    0.038679] PM: Registered nosave memory: [mem 0xfffc0000-0xffffffff]
Jun 20 15:53:11 ip-172-31-44-191 kernel: [    0.038682] [mem 0xc0000000-0xdfffffff] available for PCI devices
Jun 20 15:53:11 ip-172-31-44-191 kernel: [    0.038683] Booting paravirtualized kernel on KVM
Jun 20 15:53:11 ip-172-31-44-191 kernel: [    0.038687] clocksource: refined-jiffies: mask: 0xffffffff max_cycles: 0xffffffff, max_idle_ns: 7645519600211568 ns
Jun 20 15:53:11 ip-172-31-44-191 kernel: [    0.038695] setup_percpu: NR_CPUS:8192 nr_cpumask_bits:2 nr_cpu_ids:2 nr_node_ids:1
Jun 20 15:53:11 ip-172-31-44-191 kernel: [    0.039034] percpu: Embedded 59 pages/cpu s204800 r8192 d28672 u1048576
Jun 20 15:53:11 ip-172-31-44-191 kernel: [    0.039039] pcpu-alloc: s204800 r8192 d28672 u1048576 alloc=1*2097152
Jun 20 15:53:11 ip-172-31-44-191 kernel: [    0.039040] pcpu-alloc: [0] 0 1 
Jun 20 15:53:11 ip-172-31-44-191 kernel: [    0.039062] setup async PF for cpu 0
Jun 20 15:53:11 ip-172-31-44-191 kernel: [    0.039067] kvm-stealtime: cpu 0, msr 22a631040
Jun 20 15:53:11 ip-172-31-44-191 kernel: [    0.039073] Built 1 zonelists, mobility grouping on.  Total pages: 2010315
Jun 20 15:53:11 ip-172-31-44-191 kernel: [    0.039074] Policy zone: Normal
Jun 20 15:53:11 ip-172-31-44-191 kernel: [    0.039075] Kernel command line: BOOT_IMAGE=/boot/vmlinuz-5.4.0-1080-aws root=LABEL=cloudimg-rootfs ro console=tty1 console=ttyS0 nvme_core.io_timeout=4294967295
Jun 20 15:53:11 ip-172-31-44-191 kernel: [    0.040285] Dentry cache hash table entries: 1048576 (order: 11, 8388608 bytes, linear)
Jun 20 15:53:11 ip-172-31-44-191 kernel: [    0.040860] Inode-cache hash table entries: 524288 (order: 10, 4194304 bytes, linear)
Jun 20 15:53:11 ip-172-31-44-191 kernel: [    0.040898] mem auto-init: stack:off, heap alloc:on, heap free:off
Jun 20 15:53:11 ip-172-31-44-191 kernel: [    0.050089] Calgary: detecting Calgary via BIOS EBDA area
Jun 20 15:53:11 ip-172-31-44-191 kernel: [    0.050099] Calgary: Unable to locate Rio Grande table in EBDA - bailing!
Jun 20 15:53:11 ip-172-31-44-191 kernel: [    0.066565] Memory: 7902964K/8168992K available (14339K kernel code, 2314K rwdata, 8968K rodata, 2680K init, 5108K bss, 266028K reserved, 0K cma-reserved)
Jun 20 15:53:11 ip-172-31-44-191 kernel: [    0.066573] random: get_random_u64 called from __kmem_cache_create+0x41/0x560 with crng_init=0
Jun 20 15:53:11 ip-172-31-44-191 kernel: [    0.066680] SLUB: HWalign=64, Order=0-3, MinObjects=0, CPUs=2, Nodes=1
Jun 20 15:53:11 ip-172-31-44-191 kernel: [    0.066691] Kernel/User page tables isolation: enabled
Jun 20 15:53:11 ip-172-31-44-191 kernel: [    0.066704] ftrace: allocating 42894 entries in 168 pages
Jun 20 15:53:11 ip-172-31-44-191 kernel: [    0.082067] rcu: Hierarchical RCU implementation.
Jun 20 15:53:11 ip-172-31-44-191 kernel: [    0.082069] rcu: 	RCU restricting CPUs from NR_CPUS=8192 to nr_cpu_ids=2.
Jun 20 15:53:11 ip-172-31-44-191 kernel: [    0.082070] 	Tasks RCU enabled.
Jun 20 15:53:11 ip-172-31-44-191 kernel: [    0.082071] rcu: RCU calculated value of scheduler-enlistment delay is 25 jiffies.
Jun 20 15:53:11 ip-172-31-44-191 kernel: [    0.082072] rcu: Adjusting geometry for rcu_fanout_leaf=16, nr_cpu_ids=2
Jun 20 15:53:11 ip-172-31-44-191 kernel: [    0.084393] NR_IRQS: 524544, nr_irqs: 440, preallocated irqs: 16
Jun 20 15:53:11 ip-172-31-44-191 kernel: [    0.084573] random: crng done (trusting CPU's manufacturer)
Jun 20 15:53:11 ip-172-31-44-191 kernel: [    0.204624] Console: colour VGA+ 80x25
Jun 20 15:53:11 ip-172-31-44-191 kernel: [    0.628801] printk: console [tty1] enabled
Jun 20 15:53:11 ip-172-31-44-191 kernel: [    0.789077] printk: console [ttyS0] enabled
Jun 20 15:53:11 ip-172-31-44-191 kernel: [    0.792379] ACPI: Core revision 20190816
Jun 20 15:53:11 ip-172-31-44-191 kernel: [    0.795785] clocksource: hpet: mask: 0xffffffff max_cycles: 0xffffffff, max_idle_ns: 30580167144 ns
Jun 20 15:53:11 ip-172-31-44-191 kernel: [    0.802448] APIC: Switch to symmetric I/O mode setup
Jun 20 15:53:11 ip-172-31-44-191 kernel: [    0.806238] x2apic enabled
Jun 20 15:53:11 ip-172-31-44-191 kernel: [    0.809185] Switched APIC routing to physical x2apic.
Jun 20 15:53:11 ip-172-31-44-191 kernel: [    0.813688] clocksource: tsc-early: mask: 0xffffffffffffffff max_cycles: 0x24093d6e846, max_idle_ns: 440795249997 ns
Jun 20 15:53:11 ip-172-31-44-191 kernel: [    0.820952] Calibrating delay loop (skipped) preset value.. 5000.00 BogoMIPS (lpj=10000016)
Jun 20 15:53:11 ip-172-31-44-191 kernel: [    0.824949] pid_max: default: 32768 minimum: 301
Jun 20 15:53:11 ip-172-31-44-191 kernel: [    0.824949] LSM: Security Framework initializing
Jun 20 15:53:11 ip-172-31-44-191 kernel: [    0.824949] Yama: becoming mindful.
Jun 20 15:53:11 ip-172-31-44-191 kernel: [    0.824949] AppArmor: AppArmor initialized
Jun 20 15:53:11 ip-172-31-44-191 kernel: [    0.824949] Mount-cache hash table entries: 16384 (order: 5, 131072 bytes, linear)
Jun 20 15:53:11 ip-172-31-44-191 kernel: [    0.824949] Mountpoint-cache hash table entries: 16384 (order: 5, 131072 bytes, linear)
Jun 20 15:53:11 ip-172-31-44-191 kernel: [    0.824949] *** VALIDATE tmpfs ***
Jun 20 15:53:11 ip-172-31-44-191 kernel: [    0.824949] *** VALIDATE proc ***
Jun 20 15:53:11 ip-172-31-44-191 kernel: [    0.824949] *** VALIDATE cgroup1 ***
Jun 20 15:53:11 ip-172-31-44-191 kernel: [    0.824949] *** VALIDATE cgroup2 ***
Jun 20 15:53:11 ip-172-31-44-191 kernel: [    0.824949] Last level iTLB entries: 4KB 64, 2MB 8, 4MB 8
Jun 20 15:53:11 ip-172-31-44-191 kernel: [    0.824949] Last level dTLB entries: 4KB 64, 2MB 0, 4MB 0, 1GB 4
Jun 20 15:53:11 ip-172-31-44-191 kernel: [    0.824949] Spectre V1 : Mitigation: usercopy/swapgs barriers and __user pointer sanitization
Jun 20 15:53:11 ip-172-31-44-191 kernel: [    0.824949] Spectre V2 : Mitigation: Retpolines
Jun 20 15:53:11 ip-172-31-44-191 kernel: [    0.824949] Spectre V2 : Spectre v2 / SpectreRSB mitigation: Filling RSB on context switch
Jun 20 15:53:11 ip-172-31-44-191 kernel: [    0.824949] Speculative Store Bypass: Vulnerable
Jun 20 15:53:11 ip-172-31-44-191 kernel: [    0.824949] MDS: Vulnerable: Clear CPU buffers attempted, no microcode
Jun 20 15:53:11 ip-172-31-44-191 kernel: [    0.824949] MMIO Stale Data: Vulnerable: Clear CPU buffers attempted, no microcode
Jun 20 15:53:11 ip-172-31-44-191 kernel: [    0.824949] Freeing SMP alternatives memory: 40K
Jun 20 15:53:11 ip-172-31-44-191 kernel: [    0.824949] smpboot: CPU0: Intel(R) Xeon(R) Platinum 8259CL CPU @ 2.50GHz (family: 0x6, model: 0x55, stepping: 0x7)
Jun 20 15:53:11 ip-172-31-44-191 kernel: [    0.825075] Performance Events: unsupported p6 CPU model 85 no PMU driver, software events only.
Jun 20 15:53:11 ip-172-31-44-191 kernel: [    0.828998] rcu: Hierarchical SRCU implementation.
Jun 20 15:53:11 ip-172-31-44-191 kernel: [    0.833372] NMI watchdog: Perf NMI watchdog permanently disabled
Jun 20 15:53:11 ip-172-31-44-191 kernel: [    0.837001] smp: Bringing up secondary CPUs ...
Jun 20 15:53:11 ip-172-31-44-191 kernel: [    0.840555] x86: Booting SMP configuration:
Jun 20 15:53:11 ip-172-31-44-191 kernel: [    0.840955] .... node  #0, CPUs:      #1
Jun 20 15:53:11 ip-172-31-44-191 kernel: [    0.740417] kvm-clock: cpu 1, msr ba01041, secondary cpu clock
Jun 20 15:53:11 ip-172-31-44-191 kernel: [    0.843261] setup async PF for cpu 1
Jun 20 15:53:11 ip-172-31-44-191 kernel: [    0.844949] kvm-stealtime: cpu 1, msr 22a731040
Jun 20 15:53:11 ip-172-31-44-191 kernel: [    0.853000] MDS CPU bug present and SMT on, data leak possible. See https://www.kernel.org/doc/html/latest/admin-guide/hw-vuln/mds.html for more details.
Jun 20 15:53:11 ip-172-31-44-191 kernel: [    0.856952] MMIO Stale Data CPU bug present and SMT on, data leak possible. See https://www.kernel.org/doc/html/latest/admin-guide/hw-vuln/processor_mmio_stale_data.html for more details.
Jun 20 15:53:11 ip-172-31-44-191 kernel: [    0.860974] smp: Brought up 1 node, 2 CPUs
Jun 20 15:53:11 ip-172-31-44-191 kernel: [    0.864217] smpboot: Max logical packages: 1
Jun 20 15:53:11 ip-172-31-44-191 kernel: [    0.864953] smpboot: Total of 2 processors activated (10000.01 BogoMIPS)
Jun 20 15:53:11 ip-172-31-44-191 kernel: [    0.869446] devtmpfs: initialized
Jun 20 15:53:11 ip-172-31-44-191 kernel: [    0.871992] x86/mm: Memory block size: 128MB
Jun 20 15:53:11 ip-172-31-44-191 kernel: [    0.873576] clocksource: jiffies: mask: 0xffffffff max_cycles: 0xffffffff, max_idle_ns: 7645041785100000 ns
Jun 20 15:53:11 ip-172-31-44-191 kernel: [    0.880966] futex hash table entries: 512 (order: 3, 32768 bytes, linear)
Jun 20 15:53:11 ip-172-31-44-191 kernel: [    0.885020] pinctrl core: initialized pinctrl subsystem
Jun 20 15:53:11 ip-172-31-44-191 kernel: [    0.888953] PM: RTC time: 15:52:56, date: 2022-06-20
Jun 20 15:53:11 ip-172-31-44-191 kernel: [    0.892704] NET: Registered protocol family 16
Jun 20 15:53:11 ip-172-31-44-191 kernel: [    0.897022] audit: initializing netlink subsys (disabled)
Jun 20 15:53:11 ip-172-31-44-191 kernel: [    0.900976] audit: type=2000 audit(1655740375.918:1): state=initialized audit_enabled=0 res=1
Jun 20 15:53:11 ip-172-31-44-191 kernel: [    0.901080] EISA bus registered
Jun 20 15:53:11 ip-172-31-44-191 kernel: [    0.907876] cpuidle: using governor ladder
Jun 20 15:53:11 ip-172-31-44-191 kernel: [    0.908955] cpuidle: using governor menu
Jun 20 15:53:11 ip-172-31-44-191 kernel: [    0.912256] ACPI: bus type PCI registered
Jun 20 15:53:11 ip-172-31-44-191 kernel: [    0.912953] acpiphp: ACPI Hot Plug PCI Controller Driver version: 0.5
Jun 20 15:53:11 ip-172-31-44-191 kernel: [    0.917063] PCI: Using configuration type 1 for base access
Jun 20 15:53:11 ip-172-31-44-191 kernel: [    0.922284] HugeTLB registered 1.00 GiB page size, pre-allocated 0 pages
Jun 20 15:53:11 ip-172-31-44-191 kernel: [    0.924958] HugeTLB registered 2.00 MiB page size, pre-allocated 0 pages
Jun 20 15:53:11 ip-172-31-44-191 kernel: [    0.928995] ACPI: Added _OSI(Module Device)
Jun 20 15:53:11 ip-172-31-44-191 kernel: [    0.932953] ACPI: Added _OSI(Processor Device)
Jun 20 15:53:11 ip-172-31-44-191 kernel: [    0.936390] ACPI: Added _OSI(3.0 _SCP Extensions)
Jun 20 15:53:11 ip-172-31-44-191 kernel: [    0.936952] ACPI: Added _OSI(Processor Aggregator Device)
Jun 20 15:53:11 ip-172-31-44-191 kernel: [    0.940713] ACPI: Added _OSI(Linux-Dell-Video)
Jun 20 15:53:11 ip-172-31-44-191 kernel: [    0.944952] ACPI: Added _OSI(Linux-Lenovo-NV-HDMI-Audio)
Jun 20 15:53:11 ip-172-31-44-191 kernel: [    0.948665] ACPI: Added _OSI(Linux-HPI-Hybrid-Graphics)
Jun 20 15:53:11 ip-172-31-44-191 kernel: [    0.953736] ACPI: 3 ACPI AML tables successfully acquired and loaded
Jun 20 15:53:11 ip-172-31-44-191 kernel: [    0.957765] ACPI: Interpreter enabled
Jun 20 15:53:11 ip-172-31-44-191 kernel: [    0.960917] ACPI: (supports S0 S4 S5)
Jun 20 15:53:11 ip-172-31-44-191 kernel: [    0.964953] ACPI: Using IOAPIC for interrupt routing
Jun 20 15:53:11 ip-172-31-44-191 kernel: [    0.968618] PCI: Using host bridge windows from ACPI; if necessary, use "pci=nocrs" and report a bug
Jun 20 15:53:11 ip-172-31-44-191 kernel: [    0.977244] ACPI: Enabled 16 GPEs in block 00 to 0F
Jun 20 15:53:11 ip-172-31-44-191 kernel: [    0.982828] ACPI: PCI Root Bridge [PCI0] (domain 0000 [bus 00-ff])
Jun 20 15:53:11 ip-172-31-44-191 kernel: [    0.984956] acpi PNP0A03:00: _OSC: OS supports [ASPM ClockPM Segments MSI HPX-Type3]
Jun 20 15:53:11 ip-172-31-44-191 kernel: [    0.992960] acpi PNP0A03:00: fail to add MMCONFIG information, can't access extended PCI configuration space under this bridge.
Jun 20 15:53:11 ip-172-31-44-191 kernel: [    1.001224] acpiphp: Slot [3] registered
Jun 20 15:53:11 ip-172-31-44-191 kernel: [    1.004457] acpiphp: Slot [4] registered
Jun 20 15:53:11 ip-172-31-44-191 kernel: [    1.004966] acpiphp: Slot [5] registered
Jun 20 15:53:11 ip-172-31-44-191 kernel: [    1.008187] acpiphp: Slot [6] registered
Jun 20 15:53:11 ip-172-31-44-191 kernel: [    1.012966] acpiphp: Slot [7] registered
Jun 20 15:53:11 ip-172-31-44-191 kernel: [    1.016153] acpiphp: Slot [8] registered
Jun 20 15:53:11 ip-172-31-44-191 kernel: [    1.020966] acpiphp: Slot [9] registered
Jun 20 15:53:11 ip-172-31-44-191 kernel: [    1.024161] acpiphp: Slot [10] registered
Jun 20 15:53:11 ip-172-31-44-191 kernel: [    1.024966] acpiphp: Slot [11] registered
Jun 20 15:53:11 ip-172-31-44-191 kernel: [    1.028197] acpiphp: Slot [12] registered
Jun 20 15:53:11 ip-172-31-44-191 kernel: [    1.032966] acpiphp: Slot [13] registered
Jun 20 15:53:11 ip-172-31-44-191 kernel: [    1.036194] acpiphp: Slot [14] registered
Jun 20 15:53:11 ip-172-31-44-191 kernel: [    1.036973] acpiphp: Slot [15] registered
Jun 20 15:53:11 ip-172-31-44-191 kernel: [    1.040205] acpiphp: Slot [16] registered
Jun 20 15:53:11 ip-172-31-44-191 kernel: [    1.044967] acpiphp: Slot [17] registered
Jun 20 15:53:11 ip-172-31-44-191 kernel: [    1.048207] acpiphp: Slot [18] registered
Jun 20 15:53:11 ip-172-31-44-191 kernel: [    1.052967] acpiphp: Slot [19] registered
Jun 20 15:53:11 ip-172-31-44-191 kernel: [    1.056176] acpiphp: Slot [20] registered
Jun 20 15:53:11 ip-172-31-44-191 kernel: [    1.056966] acpiphp: Slot [21] registered
Jun 20 15:53:11 ip-172-31-44-191 kernel: [    1.060175] acpiphp: Slot [22] registered
Jun 20 15:53:11 ip-172-31-44-191 kernel: [    1.064966] acpiphp: Slot [23] registered
Jun 20 15:53:11 ip-172-31-44-191 kernel: [    1.068225] acpiphp: Slot [24] registered
Jun 20 15:53:11 ip-172-31-44-191 kernel: [    1.072966] acpiphp: Slot [25] registered
Jun 20 15:53:11 ip-172-31-44-191 kernel: [    1.076205] acpiphp: Slot [26] registered
Jun 20 15:53:11 ip-172-31-44-191 kernel: [    1.076966] acpiphp: Slot [27] registered
Jun 20 15:53:11 ip-172-31-44-191 kernel: [    1.080203] acpiphp: Slot [28] registered
Jun 20 15:53:11 ip-172-31-44-191 kernel: [    1.084967] acpiphp: Slot [29] registered
Jun 20 15:53:11 ip-172-31-44-191 kernel: [    1.088188] acpiphp: Slot [30] registered
Jun 20 15:53:11 ip-172-31-44-191 kernel: [    1.088966] acpiphp: Slot [31] registered
Jun 20 15:53:11 ip-172-31-44-191 kernel: [    1.092187] PCI host bridge to bus 0000:00
Jun 20 15:53:11 ip-172-31-44-191 kernel: [    1.096955] pci_bus 0000:00: root bus resource [io  0x0000-0x0cf7 window]
Jun 20 15:53:11 ip-172-31-44-191 kernel: [    1.100953] pci_bus 0000:00: root bus resource [io  0x0d00-0xffff window]
Jun 20 15:53:11 ip-172-31-44-191 kernel: [    1.104952] pci_bus 0000:00: root bus resource [mem 0x000a0000-0x000bffff window]
Jun 20 15:53:11 ip-172-31-44-191 kernel: [    1.112953] pci_bus 0000:00: root bus resource [mem 0xc0000000-0xfebfffff window]
Jun 20 15:53:11 ip-172-31-44-191 kernel: [    1.116953] pci_bus 0000:00: root bus resource [bus 00-ff]
Jun 20 15:53:11 ip-172-31-44-191 kernel: [    1.120786] pci 0000:00:00.0: [8086:1237] type 00 class 0x060000
Jun 20 15:53:11 ip-172-31-44-191 kernel: [    1.125647] pci 0000:00:01.0: [8086:7000] type 00 class 0x060100
Jun 20 15:53:11 ip-172-31-44-191 kernel: [    1.130082] pci 0000:00:01.3: [8086:7113] type 00 class 0x000000
Jun 20 15:53:11 ip-172-31-44-191 kernel: [    1.137828] pci 0000:00:01.3: quirk: [io  0xb000-0xb03f] claimed by PIIX4 ACPI
Jun 20 15:53:11 ip-172-31-44-191 kernel: [    1.140971] pci 0000:00:01.3: quirk: [io  0xb100-0xb10f] claimed by PIIX4 SMB
Jun 20 15:53:11 ip-172-31-44-191 kernel: [    1.145016] pci 0000:00:01.3: PIIX4 devres E PIO at fff0-ffff
Jun 20 15:53:11 ip-172-31-44-191 kernel: [    1.148918] pci 0000:00:01.3: PIIX4 devres F MMIO at ffc00000-ffffffff
Jun 20 15:53:11 ip-172-31-44-191 kernel: [    1.152966] pci 0000:00:01.3: PIIX4 devres G PIO at fff0-ffff
Jun 20 15:53:11 ip-172-31-44-191 kernel: [    1.156861] pci 0000:00:01.3: PIIX4 devres H MMIO at ffc00000-ffffffff
Jun 20 15:53:11 ip-172-31-44-191 kernel: [    1.164966] pci 0000:00:01.3: PIIX4 devres I PIO at fff0-ffff
Jun 20 15:53:11 ip-172-31-44-191 kernel: [    1.168854] pci 0000:00:01.3: PIIX4 devres J PIO at fff0-ffff
Jun 20 15:53:11 ip-172-31-44-191 kernel: [    1.168955] pci 0000:00:01.3: quirk_piix4_acpi+0x0/0x160 took 31250 usecs
Jun 20 15:53:11 ip-172-31-44-191 kernel: [    1.177772] pci 0000:00:03.0: [1d0f:1111] type 00 class 0x030000
Jun 20 15:53:11 ip-172-31-44-191 kernel: [    1.181516] pci 0000:00:03.0: reg 0x10: [mem 0xfe400000-0xfe7fffff pref]
Jun 20 15:53:11 ip-172-31-44-191 kernel: [    1.186624] pci 0000:00:03.0: reg 0x30: [mem 0xfebd0000-0xfebdffff pref]
Jun 20 15:53:11 ip-172-31-44-191 kernel: [    1.193206] pci 0000:00:04.0: [1d0f:8061] type 00 class 0x010802
Jun 20 15:53:11 ip-172-31-44-191 kernel: [    1.198347] pci 0000:00:04.0: reg 0x10: [mem 0xfebf0000-0xfebf3fff]
Jun 20 15:53:11 ip-172-31-44-191 kernel: [    1.206227] pci 0000:00:05.0: [1d0f:ec20] type 00 class 0x020000
Jun 20 15:53:11 ip-172-31-44-191 kernel: [    1.209856] pci 0000:00:05.0: reg 0x10: [mem 0xfebf4000-0xfebf7fff]
Jun 20 15:53:11 ip-172-31-44-191 kernel: [    1.214393] pci 0000:00:05.0: reg 0x18: [mem 0xfe800000-0xfe8fffff pref]
Jun 20 15:53:11 ip-172-31-44-191 kernel: [    1.218377] pci 0000:00:05.0: reg 0x20: [mem 0xfebe0000-0xfebeffff]
Jun 20 15:53:11 ip-172-31-44-191 kernel: [    1.230532] ACPI: PCI Interrupt Link [LNKA] (IRQs 5 *10 11)
Jun 20 15:53:11 ip-172-31-44-191 kernel: [    1.233053] ACPI: PCI Interrupt Link [LNKB] (IRQs 5 *10 11)
Jun 20 15:53:11 ip-172-31-44-191 kernel: [    1.236942] ACPI: PCI Interrupt Link [LNKC] (IRQs 5 10 *11)
Jun 20 15:53:11 ip-172-31-44-191 kernel: [    1.237047] ACPI: PCI Interrupt Link [LNKD] (IRQs 5 10 *11)
Jun 20 15:53:11 ip-172-31-44-191 kernel: [    1.240909] ACPI: PCI Interrupt Link [LNKS] (IRQs *9)
Jun 20 15:53:11 ip-172-31-44-191 kernel: [    1.241159] iommu: Default domain type: Translated 
Jun 20 15:53:11 ip-172-31-44-191 kernel: [    1.244645] SCSI subsystem initialized
Jun 20 15:53:11 ip-172-31-44-191 kernel: [    1.244970] libata version 3.00 loaded.
Jun 20 15:53:11 ip-172-31-44-191 kernel: [    1.244984] pci 0000:00:03.0: vgaarb: setting as boot VGA device
Jun 20 15:53:11 ip-172-31-44-191 kernel: [    1.248949] pci 0000:00:03.0: vgaarb: VGA device added: decodes=io+mem,owns=io+mem,locks=none
Jun 20 15:53:11 ip-172-31-44-191 kernel: [    1.252966] pci 0000:00:03.0: vgaarb: bridge control possible
Jun 20 15:53:11 ip-172-31-44-191 kernel: [    1.256905] vgaarb: loaded
Jun 20 15:53:11 ip-172-31-44-191 kernel: [    1.260969] ACPI: bus type USB registered
Jun 20 15:53:11 ip-172-31-44-191 kernel: [    1.264273] usbcore: registered new interface driver usbfs
Jun 20 15:53:11 ip-172-31-44-191 kernel: [    1.268957] usbcore: registered new interface driver hub
Jun 20 15:53:11 ip-172-31-44-191 kernel: [    1.272771] usbcore: registered new device driver usb
Jun 20 15:53:11 ip-172-31-44-191 kernel: [    1.276970] pps_core: LinuxPPS API ver. 1 registered
Jun 20 15:53:11 ip-172-31-44-191 kernel: [    1.280662] pps_core: Software ver. 5.3.6 - Copyright 2005-2007 Rodolfo Giometti <giometti@linux.it>
Jun 20 15:53:11 ip-172-31-44-191 kernel: [    1.284954] PTP clock support registered
Jun 20 15:53:11 ip-172-31-44-191 kernel: [    1.288970] EDAC MC: Ver: 3.0.0
Jun 20 15:53:11 ip-172-31-44-191 kernel: [    1.293133] PCI: Using ACPI for IRQ routing
Jun 20 15:53:11 ip-172-31-44-191 kernel: [    1.296271] PCI: pci_cache_line_size set to 64 bytes
Jun 20 15:53:11 ip-172-31-44-191 kernel: [    1.296408] e820: reserve RAM buffer [mem 0x0009fc00-0x0009ffff]
Jun 20 15:53:11 ip-172-31-44-191 kernel: [    1.296409] e820: reserve RAM buffer [mem 0xbffea000-0xbfffffff]
Jun 20 15:53:11 ip-172-31-44-191 kernel: [    1.296410] e820: reserve RAM buffer [mem 0x232a00000-0x233ffffff]
Jun 20 15:53:11 ip-172-31-44-191 kernel: [    1.296503] NetLabel: Initializing
Jun 20 15:53:11 ip-172-31-44-191 kernel: [    1.296953] NetLabel:  domain hash size = 128
Jun 20 15:53:11 ip-172-31-44-191 kernel: [    1.300331] NetLabel:  protocols = UNLABELED CIPSOv4 CALIPSO
Jun 20 15:53:11 ip-172-31-44-191 kernel: [    1.300967] NetLabel:  unlabeled traffic allowed by default
Jun 20 15:53:11 ip-172-31-44-191 kernel: [    1.304839] hpet0: at MMIO 0xfed00000, IRQs 2, 8, 0, 0, 0, 0, 0, 0
Jun 20 15:53:11 ip-172-31-44-191 kernel: [    1.308953] hpet0: 8 comparators, 32-bit 62.500000 MHz counter
Jun 20 15:53:11 ip-172-31-44-191 kernel: [    1.315022] clocksource: Switched to clocksource kvm-clock
Jun 20 15:53:11 ip-172-31-44-191 kernel: [    1.327804] *** VALIDATE bpf ***
Jun 20 15:53:11 ip-172-31-44-191 kernel: [    1.330790] VFS: Disk quotas dquot_6.6.0
Jun 20 15:53:11 ip-172-31-44-191 kernel: [    1.333992] VFS: Dquot-cache hash table entries: 512 (order 0, 4096 bytes)
Jun 20 15:53:11 ip-172-31-44-191 kernel: [    1.338401] *** VALIDATE ramfs ***
Jun 20 15:53:11 ip-172-31-44-191 kernel: [    1.341398] *** VALIDATE hugetlbfs ***
Jun 20 15:53:11 ip-172-31-44-191 kernel: [    1.344611] AppArmor: AppArmor Filesystem Enabled
Jun 20 15:53:11 ip-172-31-44-191 kernel: [    1.348146] pnp: PnP ACPI init
Jun 20 15:53:11 ip-172-31-44-191 kernel: [    1.351063] pnp 00:00: Plug and Play ACPI device, IDs PNP0b00 (active)
Jun 20 15:53:11 ip-172-31-44-191 kernel: [    1.351090] pnp 00:01: Plug and Play ACPI device, IDs PNP0303 (active)
Jun 20 15:53:11 ip-172-31-44-191 kernel: [    1.351111] pnp 00:02: Plug and Play ACPI device, IDs PNP0f13 (active)
Jun 20 15:53:11 ip-172-31-44-191 kernel: [    1.351157] pnp 00:03: Plug and Play ACPI device, IDs PNP0400 (active)
Jun 20 15:53:11 ip-172-31-44-191 kernel: [    1.351196] pnp 00:04: Plug and Play ACPI device, IDs PNP0501 (active)
Jun 20 15:53:11 ip-172-31-44-191 kernel: [    1.351387] pnp: PnP ACPI: found 5 devices
Jun 20 15:53:11 ip-172-31-44-191 kernel: [    1.356731] thermal_sys: Registered thermal governor 'fair_share'
Jun 20 15:53:11 ip-172-31-44-191 kernel: [    1.356731] thermal_sys: Registered thermal governor 'bang_bang'
Jun 20 15:53:11 ip-172-31-44-191 kernel: [    1.360771] thermal_sys: Registered thermal governor 'step_wise'
Jun 20 15:53:11 ip-172-31-44-191 kernel: [    1.364785] thermal_sys: Registered thermal governor 'user_space'
Jun 20 15:53:11 ip-172-31-44-191 kernel: [    1.368811] thermal_sys: Registered thermal governor 'power_allocator'
Jun 20 15:53:11 ip-172-31-44-191 kernel: [    1.377460] clocksource: acpi_pm: mask: 0xffffff max_cycles: 0xffffff, max_idle_ns: 2085701024 ns
Jun 20 15:53:11 ip-172-31-44-191 kernel: [    1.388313] pci_bus 0000:00: resource 4 [io  0x0000-0x0cf7 window]
Jun 20 15:53:11 ip-172-31-44-191 kernel: [    1.392386] pci_bus 0000:00: resource 5 [io  0x0d00-0xffff window]
Jun 20 15:53:11 ip-172-31-44-191 kernel: [    1.396427] pci_bus 0000:00: resource 6 [mem 0x000a0000-0x000bffff window]
Jun 20 15:53:11 ip-172-31-44-191 kernel: [    1.400750] pci_bus 0000:00: resource 7 [mem 0xc0000000-0xfebfffff window]
Jun 20 15:53:11 ip-172-31-44-191 kernel: [    1.405147] NET: Registered protocol family 2
Jun 20 15:53:11 ip-172-31-44-191 kernel: [    1.408718] IP idents hash table entries: 131072 (order: 8, 1048576 bytes, linear)
Jun 20 15:53:11 ip-172-31-44-191 kernel: [    1.415651] tcp_listen_portaddr_hash hash table entries: 4096 (order: 4, 65536 bytes, linear)
Jun 20 15:53:11 ip-172-31-44-191 kernel: [    1.422302] TCP established hash table entries: 65536 (order: 7, 524288 bytes, linear)
Jun 20 15:53:11 ip-172-31-44-191 kernel: [    1.428822] TCP bind hash table entries: 65536 (order: 8, 1048576 bytes, linear)
Jun 20 15:53:11 ip-172-31-44-191 kernel: [    1.434970] TCP: Hash tables configured (established 65536 bind 65536)
Jun 20 15:53:11 ip-172-31-44-191 kernel: [    1.439259] UDP hash table entries: 4096 (order: 5, 131072 bytes, linear)
Jun 20 15:53:11 ip-172-31-44-191 kernel: [    1.443621] UDP-Lite hash table entries: 4096 (order: 5, 131072 bytes, linear)
Jun 20 15:53:11 ip-172-31-44-191 kernel: [    1.449723] NET: Registered protocol family 1
Jun 20 15:53:11 ip-172-31-44-191 kernel: [    1.453098] NET: Registered protocol family 44
Jun 20 15:53:11 ip-172-31-44-191 kernel: [    1.456511] pci 0000:00:00.0: Limiting direct PCI/PCI transfers
Jun 20 15:53:11 ip-172-31-44-191 kernel: [    1.554685] pci 0000:00:00.0: quirk_natoma+0x0/0x30 took 95870 usecs
Jun 20 15:53:11 ip-172-31-44-191 kernel: [    1.558907] pci 0000:00:01.0: Activating ISA DMA hang workarounds
Jun 20 15:53:11 ip-172-31-44-191 kernel: [    1.563070] pci 0000:00:03.0: Video device with shadowed ROM at [mem 0x000c0000-0x000dffff]
Jun 20 15:53:11 ip-172-31-44-191 kernel: [    1.569613] PCI: CLS 0 bytes, default 64
Jun 20 15:53:11 ip-172-31-44-191 kernel: [    1.572889] Trying to unpack rootfs image as initramfs...
Jun 20 15:53:11 ip-172-31-44-191 kernel: [    1.861433] Freeing initrd memory: 21088K
Jun 20 15:53:11 ip-172-31-44-191 kernel: [    1.864897] PCI-DMA: Using software bounce buffering for IO (SWIOTLB)
Jun 20 15:53:11 ip-172-31-44-191 kernel: [    1.869190] software IO TLB: mapped [mem 0xbbfea000-0xbffea000] (64MB)
Jun 20 15:53:11 ip-172-31-44-191 kernel: [    1.873487] clocksource: tsc: mask: 0xffffffffffffffff max_cycles: 0x24093d6e846, max_idle_ns: 440795249997 ns
Jun 20 15:53:11 ip-172-31-44-191 kernel: [    1.880595] clocksource: Switched to clocksource tsc
Jun 20 15:53:11 ip-172-31-44-191 kernel: [    1.884266] check: Scanning for low memory corruption every 60 seconds
Jun 20 15:53:11 ip-172-31-44-191 kernel: [    1.888819] Initialise system trusted keyrings
Jun 20 15:53:11 ip-172-31-44-191 kernel: [    1.892269] Key type blacklist registered
Jun 20 15:53:11 ip-172-31-44-191 kernel: [    1.895546] workingset: timestamp_bits=36 max_order=21 bucket_order=0
Jun 20 15:53:11 ip-172-31-44-191 kernel: [    1.900776] zbud: loaded
Jun 20 15:53:11 ip-172-31-44-191 kernel: [    1.903794] squashfs: version 4.0 (2009/01/31) Phillip Lougher
Jun 20 15:53:11 ip-172-31-44-191 kernel: [    1.907895] fuse: init (API version 7.31)
Jun 20 15:53:11 ip-172-31-44-191 kernel: [    1.911182] *** VALIDATE fuse ***
Jun 20 15:53:11 ip-172-31-44-191 kernel: [    1.914174] *** VALIDATE fuse ***
Jun 20 15:53:11 ip-172-31-44-191 kernel: [    1.917270] Platform Keyring initialized
Jun 20 15:53:11 ip-172-31-44-191 kernel: [    1.923178] Key type asymmetric registered
Jun 20 15:53:11 ip-172-31-44-191 kernel: [    1.926495] Asymmetric key parser 'x509' registered
Jun 20 15:53:11 ip-172-31-44-191 kernel: [    1.930104] Block layer SCSI generic (bsg) driver version 0.4 loaded (major 244)
Jun 20 15:53:11 ip-172-31-44-191 kernel: [    1.936274] io scheduler mq-deadline registered
Jun 20 15:53:11 ip-172-31-44-191 kernel: [    1.939872] shpchp: Standard Hot Plug PCI Controller Driver version: 0.4
Jun 20 15:53:11 ip-172-31-44-191 kernel: [    1.944234] intel_idle: Please enable MWAIT in BIOS SETUP
Jun 20 15:53:11 ip-172-31-44-191 kernel: [    1.944287] input: Power Button as /devices/LNXSYSTM:00/LNXPWRBN:00/input/input0
Jun 20 15:53:11 ip-172-31-44-191 kernel: [    1.950458] ACPI: Power Button [PWRF]
Jun 20 15:53:11 ip-172-31-44-191 kernel: [    1.953646] input: Sleep Button as /devices/LNXSYSTM:00/LNXSLPBN:00/input/input1
Jun 20 15:53:11 ip-172-31-44-191 kernel: [    1.959794] ACPI: Sleep Button [SLPF]
Jun 20 15:53:11 ip-172-31-44-191 kernel: [    1.963091] Serial: 8250/16550 driver, 4 ports, IRQ sharing enabled
Jun 20 15:53:11 ip-172-31-44-191 kernel: [    1.993903] 00:04: ttyS0 at I/O 0x3f8 (irq = 4, base_baud = 115200) is a 16550A
Jun 20 15:53:11 ip-172-31-44-191 kernel: [    2.000475] Linux agpgart interface v0.103
Jun 20 15:53:11 ip-172-31-44-191 kernel: [    2.136971] loop: module loaded
Jun 20 15:53:11 ip-172-31-44-191 kernel: [    2.140190] nvme nvme0: pci function 0000:00:04.0
Jun 20 15:53:11 ip-172-31-44-191 kernel: [    2.143997] PCI Interrupt Link [LNKD] enabled at IRQ 11
Jun 20 15:53:11 ip-172-31-44-191 kernel: [    2.149223] tun: Universal TUN/TAP device driver, 1.6
Jun 20 15:53:11 ip-172-31-44-191 kernel: [    2.152933] PPP generic driver version 2.4.2
Jun 20 15:53:11 ip-172-31-44-191 kernel: [    2.156315] ehci_hcd: USB 2.0 'Enhanced' Host Controller (EHCI) Driver
Jun 20 15:53:11 ip-172-31-44-191 kernel: [    2.160524] ehci-pci: EHCI PCI platform driver
Jun 20 15:53:11 ip-172-31-44-191 kernel: [    2.163948] ehci-platform: EHCI generic platform driver
Jun 20 15:53:11 ip-172-31-44-191 kernel: [    2.167618] ohci_hcd: USB 1.1 'Open' Host Controller (OHCI) Driver
Jun 20 15:53:11 ip-172-31-44-191 kernel: [    2.171646] ohci-pci: OHCI PCI platform driver
Jun 20 15:53:11 ip-172-31-44-191 kernel: [    2.175039] ohci-platform: OHCI generic platform driver
Jun 20 15:53:11 ip-172-31-44-191 kernel: [    2.178738] uhci_hcd: USB Universal Host Controller Interface driver
Jun 20 15:53:11 ip-172-31-44-191 kernel: [    2.182901] i8042: PNP: PS/2 Controller [PNP0303:KBD,PNP0f13:MOU] at 0x60,0x64 irq 1,12
Jun 20 15:53:11 ip-172-31-44-191 kernel: [    2.189406] i8042: Warning: Keylock active
Jun 20 15:53:11 ip-172-31-44-191 kernel: [    2.193474] serio: i8042 KBD port at 0x60,0x64 irq 1
Jun 20 15:53:11 ip-172-31-44-191 kernel: [    2.197065] serio: i8042 AUX port at 0x60,0x64 irq 12
Jun 20 15:53:11 ip-172-31-44-191 kernel: [    2.200837] mousedev: PS/2 mouse device common for all mice
Jun 20 15:53:11 ip-172-31-44-191 kernel: [    2.205007] rtc_cmos 00:00: RTC can wake from S4
Jun 20 15:53:11 ip-172-31-44-191 kernel: [    2.209091] rtc_cmos 00:00: registered as rtc0
Jun 20 15:53:11 ip-172-31-44-191 kernel: [    2.212501] rtc_cmos 00:00: alarms up to one day, 114 bytes nvram
Jun 20 15:53:11 ip-172-31-44-191 kernel: [    2.216575] device-mapper: uevent: version 1.0.3
Jun 20 15:53:11 ip-172-31-44-191 kernel: [    2.220054] device-mapper: ioctl: 4.41.0-ioctl (2019-09-16) initialised: dm-devel@redhat.com
Jun 20 15:53:11 ip-172-31-44-191 kernel: [    2.226505] platform eisa.0: Probing EISA bus 0
Jun 20 15:53:11 ip-172-31-44-191 kernel: [    2.229957] platform eisa.0: EISA: Cannot allocate resource for mainboard
Jun 20 15:53:11 ip-172-31-44-191 kernel: [    2.234282] platform eisa.0: Cannot allocate resource for EISA slot 1
Jun 20 15:53:11 ip-172-31-44-191 kernel: [    2.238469] platform eisa.0: Cannot allocate resource for EISA slot 2
Jun 20 15:53:11 ip-172-31-44-191 kernel: [    2.242676] platform eisa.0: Cannot allocate resource for EISA slot 3
Jun 20 15:53:11 ip-172-31-44-191 kernel: [    2.246870] platform eisa.0: Cannot allocate resource for EISA slot 4
Jun 20 15:53:11 ip-172-31-44-191 kernel: [    2.251057] platform eisa.0: Cannot allocate resource for EISA slot 5
Jun 20 15:53:11 ip-172-31-44-191 kernel: [    2.255251] platform eisa.0: Cannot allocate resource for EISA slot 6
Jun 20 15:53:11 ip-172-31-44-191 kernel: [    2.259443] platform eisa.0: Cannot allocate resource for EISA slot 7
Jun 20 15:53:11 ip-172-31-44-191 kernel: [    2.263645] platform eisa.0: Cannot allocate resource for EISA slot 8
Jun 20 15:53:11 ip-172-31-44-191 kernel: [    2.267845] platform eisa.0: EISA: Detected 0 cards
Jun 20 15:53:11 ip-172-31-44-191 kernel: [    2.271459] intel_pstate: P-states controlled by the platform
Jun 20 15:53:11 ip-172-31-44-191 kernel: [    2.275565] drop_monitor: Initializing network drop monitor service
Jun 20 15:53:11 ip-172-31-44-191 kernel: [    2.279895] NET: Registered protocol family 10
Jun 20 15:53:11 ip-172-31-44-191 kernel: [    2.286397] Segment Routing with IPv6
Jun 20 15:53:11 ip-172-31-44-191 kernel: [    2.289637] NET: Registered protocol family 17
Jun 20 15:53:11 ip-172-31-44-191 kernel: [    2.293175] Key type dns_resolver registered
Jun 20 15:53:11 ip-172-31-44-191 kernel: [    2.296775] RAS: Correctable Errors collector initialized.
Jun 20 15:53:11 ip-172-31-44-191 kernel: [    2.300687] IPI shorthand broadcast: enabled
Jun 20 15:53:11 ip-172-31-44-191 kernel: [    2.304097] sched_clock: Marking stable (1567661245, 736417312)->(2552939375, -248860818)
Jun 20 15:53:11 ip-172-31-44-191 kernel: [    2.310692] registered taskstats version 1
Jun 20 15:53:11 ip-172-31-44-191 kernel: [    2.313989] Loading compiled-in X.509 certificates
Jun 20 15:53:11 ip-172-31-44-191 kernel: [    2.318177] Loaded X.509 cert 'Build time autogenerated kernel key: 785586c8f60b05c73f42229ad12e128530e7b39e'
Jun 20 15:53:11 ip-172-31-44-191 kernel: [    2.325751] Loaded X.509 cert 'Canonical Ltd. Live Patch Signing: 14df34d1a87cf37625abec039ef2bf521249b969'
Jun 20 15:53:11 ip-172-31-44-191 kernel: [    2.333254] Loaded X.509 cert 'Canonical Ltd. Kernel Module Signing: 88f752e560a1e0737e31163a466ad7b70a850c19'
Jun 20 15:53:11 ip-172-31-44-191 kernel: [    2.340345] blacklist: Loading compiled-in revocation X.509 certificates
Jun 20 15:53:11 ip-172-31-44-191 kernel: [    2.344626] Loaded X.509 cert 'Canonical Ltd. Secure Boot Signing: 61482aa2830d0ab2ad5af10b7250da9033ddcef0'
Jun 20 15:53:11 ip-172-31-44-191 kernel: [    2.351635] zswap: loaded using pool lzo/zbud
Jun 20 15:53:11 ip-172-31-44-191 kernel: [    2.355078] Key type ._fscrypt registered
Jun 20 15:53:11 ip-172-31-44-191 kernel: [    2.358319] Key type .fscrypt registered
Jun 20 15:53:11 ip-172-31-44-191 kernel: [    2.364224] Key type big_key registered
Jun 20 15:53:11 ip-172-31-44-191 kernel: [    2.369789] nvme nvme0: 2/0/0 default/read/poll queues
Jun 20 15:53:11 ip-172-31-44-191 kernel: [    2.373035] Key type encrypted registered
Jun 20 15:53:11 ip-172-31-44-191 kernel: [    2.375840] GPT:Primary header thinks Alt. header is not at the end of the disk.
Jun 20 15:53:11 ip-172-31-44-191 kernel: [    2.376898] AppArmor: AppArmor sha1 policy hashing enabled
Jun 20 15:53:11 ip-172-31-44-191 kernel: [    2.383102] GPT:16777215 != 20971519
Jun 20 15:53:11 ip-172-31-44-191 kernel: [    2.383102] GPT:Alternate GPT header not at the end of the disk.
Jun 20 15:53:11 ip-172-31-44-191 kernel: [    2.386982] ima: No TPM chip found, activating TPM-bypass!
Jun 20 15:53:11 ip-172-31-44-191 kernel: [    2.390074] GPT:16777215 != 20971519
Jun 20 15:53:11 ip-172-31-44-191 kernel: [    2.394140] ima: Allocated hash algorithm: sha1
Jun 20 15:53:11 ip-172-31-44-191 kernel: [    2.397992] GPT: Use GNU Parted to correct GPT errors.
Jun 20 15:53:11 ip-172-31-44-191 kernel: [    2.401116] ima: No architecture policies found
Jun 20 15:53:11 ip-172-31-44-191 kernel: [    2.404592]  nvme0n1: p1 p14 p15
Jun 20 15:53:11 ip-172-31-44-191 kernel: [    2.408326] evm: Initialising EVM extended attributes:
Jun 20 15:53:11 ip-172-31-44-191 kernel: [    2.418445] evm: security.selinux
Jun 20 15:53:11 ip-172-31-44-191 kernel: [    2.421401] evm: security.SMACK64
Jun 20 15:53:11 ip-172-31-44-191 kernel: [    2.424352] evm: security.SMACK64EXEC
Jun 20 15:53:11 ip-172-31-44-191 kernel: [    2.427435] evm: security.SMACK64TRANSMUTE
Jun 20 15:53:11 ip-172-31-44-191 kernel: [    2.430689] evm: security.SMACK64MMAP
Jun 20 15:53:11 ip-172-31-44-191 kernel: [    2.433784] evm: security.apparmor
Jun 20 15:53:11 ip-172-31-44-191 kernel: [    2.436762] evm: security.ima
Jun 20 15:53:11 ip-172-31-44-191 kernel: [    2.439580] evm: security.capability
Jun 20 15:53:11 ip-172-31-44-191 kernel: [    2.442631] evm: HMAC attrs: 0x1
Jun 20 15:53:11 ip-172-31-44-191 kernel: [    2.445821] PM:   Magic number: 10:433:892
Jun 20 15:53:11 ip-172-31-44-191 kernel: [    2.449268] rtc_cmos 00:00: setting system clock to 2022-06-20T15:52:57 UTC (1655740377)
Jun 20 15:53:11 ip-172-31-44-191 kernel: [    2.457222] Freeing unused decrypted memory: 2040K
Jun 20 15:53:11 ip-172-31-44-191 kernel: [    2.461319] Freeing unused kernel image memory: 2680K
Jun 20 15:53:11 ip-172-31-44-191 kernel: [    2.468958] Write protecting the kernel read-only data: 26624k
Jun 20 15:53:11 ip-172-31-44-191 kernel: [    2.473390] Freeing unused kernel image memory: 2008K
Jun 20 15:53:11 ip-172-31-44-191 kernel: [    2.477304] Freeing unused kernel image memory: 1272K
Jun 20 15:53:11 ip-172-31-44-191 kernel: [    2.488189] x86/mm: Checked W+X mappings: passed, no W+X pages found.
Jun 20 15:53:11 ip-172-31-44-191 kernel: [    2.492335] x86/mm: Checking user space page tables
Jun 20 15:53:11 ip-172-31-44-191 kernel: [    2.503049] x86/mm: Checked W+X mappings: passed, no W+X pages found.
Jun 20 15:53:11 ip-172-31-44-191 kernel: [    2.507204] Run /init as init process
Jun 20 15:53:11 ip-172-31-44-191 kernel: [    2.572141] ena: ENA device version: 0.10
Jun 20 15:53:11 ip-172-31-44-191 kernel: [    2.575951] ena: ENA controller version: 0.0.1 implementation version 1
Jun 20 15:53:11 ip-172-31-44-191 kernel: [    2.587306] cryptd: max_cpu_qlen set to 1000
Jun 20 15:53:11 ip-172-31-44-191 kernel: [    2.587782] ena 0000:00:05.0: Elastic Network Adapter (ENA) found at mem febf4000, mac addr 06:14:46:4d:8f:73
Jun 20 15:53:11 ip-172-31-44-191 kernel: [    2.607020] AVX2 version of gcm_enc/dec engaged.
Jun 20 15:53:11 ip-172-31-44-191 kernel: [    2.611062] AES CTR mode by8 optimization enabled
Jun 20 15:53:11 ip-172-31-44-191 kernel: [    2.630582] ena 0000:00:05.0 ens5: renamed from eth0
Jun 20 15:53:11 ip-172-31-44-191 kernel: [    2.709414] input: AT Translated Set 2 keyboard as /devices/platform/i8042/serio0/input/input2
Jun 20 15:53:11 ip-172-31-44-191 kernel: [    5.720955] raid6: avx512x4 gen() 32083 MB/s
Jun 20 15:53:11 ip-172-31-44-191 kernel: [    5.768955] raid6: avx512x4 xor() 19806 MB/s
Jun 20 15:53:11 ip-172-31-44-191 kernel: [    5.816954] raid6: avx512x2 gen() 30146 MB/s
Jun 20 15:53:11 ip-172-31-44-191 kernel: [    5.864953] raid6: avx512x2 xor() 18029 MB/s
Jun 20 15:53:11 ip-172-31-44-191 kernel: [    5.912953] raid6: avx512x1 gen() 25607 MB/s
Jun 20 15:53:11 ip-172-31-44-191 kernel: [    5.960953] raid6: avx512x1 xor() 14424 MB/s
Jun 20 15:53:11 ip-172-31-44-191 kernel: [    6.008954] raid6: avx2x4   gen() 25603 MB/s
Jun 20 15:53:11 ip-172-31-44-191 kernel: [    6.056955] raid6: avx2x4   xor() 16258 MB/s
Jun 20 15:53:11 ip-172-31-44-191 kernel: [    6.104955] raid6: avx2x2   gen() 23217 MB/s
Jun 20 15:53:11 ip-172-31-44-191 kernel: [    6.152955] raid6: avx2x2   xor() 14588 MB/s
Jun 20 15:53:11 ip-172-31-44-191 kernel: [    6.200957] raid6: avx2x1   gen() 17554 MB/s
Jun 20 15:53:11 ip-172-31-44-191 kernel: [    6.248953] raid6: avx2x1   xor() 13286 MB/s
Jun 20 15:53:11 ip-172-31-44-191 kernel: [    6.296960] raid6: sse2x4   gen()  9598 MB/s
Jun 20 15:53:11 ip-172-31-44-191 kernel: [    6.344959] raid6: sse2x4   xor()  5984 MB/s
Jun 20 15:53:11 ip-172-31-44-191 kernel: [    6.392954] raid6: sse2x2   gen()  8900 MB/s
Jun 20 15:53:11 ip-172-31-44-191 kernel: [    6.440957] raid6: sse2x2   xor()  5623 MB/s
Jun 20 15:53:11 ip-172-31-44-191 kernel: [    6.488954] raid6: sse2x1   gen()  7962 MB/s
Jun 20 15:53:11 ip-172-31-44-191 kernel: [    6.536955] raid6: sse2x1   xor()  4530 MB/s
Jun 20 15:53:11 ip-172-31-44-191 kernel: [    6.540344] raid6: using algorithm avx512x4 gen() 32083 MB/s
Jun 20 15:53:11 ip-172-31-44-191 kernel: [    6.544168] raid6: .... xor() 19806 MB/s, rmw enabled
Jun 20 15:53:11 ip-172-31-44-191 kernel: [    6.547778] raid6: using avx512x2 recovery algorithm
Jun 20 15:53:11 ip-172-31-44-191 kernel: [    6.552696] xor: automatically using best checksumming function   avx       
Jun 20 15:53:11 ip-172-31-44-191 kernel: [    6.558145] async_tx: api initialized (async)
Jun 20 15:53:11 ip-172-31-44-191 kernel: [    6.605805] Btrfs loaded, crc32c=crc32c-intel
Jun 20 15:53:11 ip-172-31-44-191 kernel: [    6.696995] EXT4-fs (nvme0n1p1): mounted filesystem with ordered data mode. Opts: (null)
Jun 20 15:53:11 ip-172-31-44-191 kernel: [    7.916313] Loading iSCSI transport class v2.0-870.
Jun 20 15:53:11 ip-172-31-44-191 kernel: [    7.935148] EXT4-fs (nvme0n1p1): re-mounted. Opts: discard
Jun 20 15:53:11 ip-172-31-44-191 kernel: [    7.978568] iscsi: registered transport (tcp)
Jun 20 15:53:11 ip-172-31-44-191 kernel: [    8.050996] iscsi: registered transport (iser)
Jun 20 15:53:11 ip-172-31-44-191 kernel: [    8.270385] parport_pc 00:03: reported by Plug and Play ACPI
Jun 20 15:53:11 ip-172-31-44-191 kernel: [    8.525746] ppdev: user-space parallel port driver
Jun 20 15:53:11 ip-172-31-44-191 kernel: [    9.604069] audit: type=1400 audit(1655740384.647:2): apparmor="STATUS" operation="profile_load" profile="unconfined" name="/sbin/dhclient" pid=626 comm="apparmor_parser"
Jun 20 15:53:11 ip-172-31-44-191 kernel: [    9.605062] audit: type=1400 audit(1655740384.651:3): apparmor="STATUS" operation="profile_load" profile="unconfined" name="/usr/lib/NetworkManager/nm-dhcp-client.action" pid=626 comm="apparmor_parser"
Jun 20 15:53:11 ip-172-31-44-191 kernel: [    9.607842] audit: type=1400 audit(1655740384.651:4): apparmor="STATUS" operation="profile_load" profile="unconfined" name="/usr/lib/NetworkManager/nm-dhcp-helper" pid=626 comm="apparmor_parser"
Jun 20 15:53:11 ip-172-31-44-191 kernel: [    9.608628] audit: type=1400 audit(1655740384.651:5): apparmor="STATUS" operation="profile_load" profile="unconfined" name="/usr/lib/connman/scripts/dhclient-script" pid=626 comm="apparmor_parser"
Jun 20 15:53:11 ip-172-31-44-191 kernel: [    9.630120] audit: type=1400 audit(1655740384.675:6): apparmor="STATUS" operation="profile_load" profile="unconfined" name="/usr/bin/lxc-start" pid=690 comm="apparmor_parser"
Jun 20 15:53:11 ip-172-31-44-191 kernel: [    9.711416] audit: type=1400 audit(1655740384.755:7): apparmor="STATUS" operation="profile_load" profile="unconfined" name="lxc-container-default" pid=624 comm="apparmor_parser"
Jun 20 15:53:11 ip-172-31-44-191 kernel: [    9.712015] audit: type=1400 audit(1655740384.755:8): apparmor="STATUS" operation="profile_load" profile="unconfined" name="lxc-container-default-cgns" pid=624 comm="apparmor_parser"
Jun 20 15:53:11 ip-172-31-44-191 kernel: [    9.712550] audit: type=1400 audit(1655740384.755:9): apparmor="STATUS" operation="profile_load" profile="unconfined" name="lxc-container-default-with-mounting" pid=624 comm="apparmor_parser"
Jun 20 15:53:11 ip-172-31-44-191 kernel: [    9.713308] audit: type=1400 audit(1655740384.759:10): apparmor="STATUS" operation="profile_load" profile="unconfined" name="lxc-container-default-with-nesting" pid=624 comm="apparmor_parser"
Jun 20 15:53:11 ip-172-31-44-191 kernel: [    9.781821] audit: type=1400 audit(1655740384.827:11): apparmor="STATUS" operation="profile_load" profile="unconfined" name="/usr/bin/man" pid=720 comm="apparmor_parser"
Jun 20 15:53:11 ip-172-31-44-191 kernel: [   13.204963] IPv6: ADDRCONF(NETDEV_CHANGE): ens5: link becomes ready
Jun 20 15:53:11 ip-172-31-44-191 kernel: [   15.742001] EXT4-fs (nvme0n1p1): resizing filesystem from 2068731 to 2593019 blocks
Jun 20 15:53:11 ip-172-31-44-191 kernel: [   15.754651] EXT4-fs (nvme0n1p1): resized filesystem to 2593019
Jun 20 15:53:11 ip-172-31-44-191 kernel: [   16.350913] new mount options do not match the existing superblock, will be ignored
Jun 20 15:53:16 ip-172-31-44-191 kernel: [   21.573187] kauditd_printk_skb: 5 callbacks suppressed
Jun 20 15:53:16 ip-172-31-44-191 kernel: [   21.573188] audit: type=1400 audit(1655740396.619:17): apparmor="STATUS" operation="profile_load" profile="unconfined" name="/snap/snapd/16010/usr/lib/snapd/snap-confine" pid=1530 comm="apparmor_parser"
Jun 20 15:53:16 ip-172-31-44-191 kernel: [   21.573600] audit: type=1400 audit(1655740396.619:18): apparmor="STATUS" operation="profile_load" profile="unconfined" name="/snap/snapd/16010/usr/lib/snapd/snap-confine//mount-namespace-capture-helper" pid=1530 comm="apparmor_parser"
Jun 20 15:53:19 ip-172-31-44-191 kernel: [   24.745124] audit: type=1400 audit(1655740399.791:19): apparmor="STATUS" operation="profile_replace" profile="unconfined" name="/snap/snapd/16010/usr/lib/snapd/snap-confine" pid=1688 comm="apparmor_parser"
Jun 20 15:53:19 ip-172-31-44-191 kernel: [   24.764993] audit: type=1400 audit(1655740399.811:20): apparmor="STATUS" operation="profile_replace" profile="unconfined" name="/snap/snapd/16010/usr/lib/snapd/snap-confine//mount-namespace-capture-helper" pid=1688 comm="apparmor_parser"
Jun 20 15:53:21 ip-172-31-44-191 kernel: [   26.148371] audit: type=1400 audit(1655740401.191:21): apparmor="STATUS" operation="profile_load" profile="unconfined" name="snap.amazon-ssm-agent.amazon-ssm-agent" pid=1892 comm="apparmor_parser"
Jun 20 15:53:21 ip-172-31-44-191 kernel: [   26.153203] audit: type=1400 audit(1655740401.199:22): apparmor="STATUS" operation="profile_load" profile="unconfined" name="snap-update-ns.amazon-ssm-agent" pid=1891 comm="apparmor_parser"
Jun 20 15:53:21 ip-172-31-44-191 kernel: [   26.155288] audit: type=1400 audit(1655740401.199:23): apparmor="STATUS" operation="profile_load" profile="unconfined" name="snap.amazon-ssm-agent.ssm-cli" pid=1893 comm="apparmor_parser"
Jun 20 15:57:26 ip-172-31-44-191 kernel: [    0.000000] Linux version 5.4.0-1080-aws (buildd@lcy02-amd64-007) (gcc version 7.5.0 (Ubuntu 7.5.0-3ubuntu1~18.04)) #87~18.04.1-Ubuntu SMP Fri Jun 10 18:32:41 UTC 2022 (Ubuntu 5.4.0-1080.87~18.04.1-aws 5.4.189)
Jun 20 15:57:26 ip-172-31-44-191 kernel: [    0.000000] Command line: BOOT_IMAGE=/boot/vmlinuz-5.4.0-1080-aws root=LABEL=cloudimg-rootfs ro console=tty1 console=ttyS0 nvme_core.io_timeout=4294967295
Jun 20 15:57:26 ip-172-31-44-191 kernel: [    0.000000] KERNEL supported cpus:
Jun 20 15:57:26 ip-172-31-44-191 kernel: [    0.000000]   Intel GenuineIntel
Jun 20 15:57:26 ip-172-31-44-191 kernel: [    0.000000]   AMD AuthenticAMD
Jun 20 15:57:26 ip-172-31-44-191 kernel: [    0.000000]   Hygon HygonGenuine
Jun 20 15:57:26 ip-172-31-44-191 kernel: [    0.000000]   Centaur CentaurHauls
Jun 20 15:57:26 ip-172-31-44-191 kernel: [    0.000000]   zhaoxin   Shanghai  
Jun 20 15:57:26 ip-172-31-44-191 kernel: [    0.000000] x86/fpu: Supporting XSAVE feature 0x001: 'x87 floating point registers'
Jun 20 15:57:26 ip-172-31-44-191 kernel: [    0.000000] x86/fpu: Supporting XSAVE feature 0x002: 'SSE registers'
Jun 20 15:57:26 ip-172-31-44-191 kernel: [    0.000000] x86/fpu: Supporting XSAVE feature 0x004: 'AVX registers'
Jun 20 15:57:26 ip-172-31-44-191 kernel: [    0.000000] x86/fpu: Supporting XSAVE feature 0x008: 'MPX bounds registers'
Jun 20 15:57:26 ip-172-31-44-191 kernel: [    0.000000] x86/fpu: Supporting XSAVE feature 0x010: 'MPX CSR'
Jun 20 15:57:26 ip-172-31-44-191 kernel: [    0.000000] x86/fpu: Supporting XSAVE feature 0x020: 'AVX-512 opmask'
Jun 20 15:57:26 ip-172-31-44-191 kernel: [    0.000000] x86/fpu: Supporting XSAVE feature 0x040: 'AVX-512 Hi256'
Jun 20 15:57:26 ip-172-31-44-191 kernel: [    0.000000] x86/fpu: Supporting XSAVE feature 0x080: 'AVX-512 ZMM_Hi256'
Jun 20 15:57:26 ip-172-31-44-191 kernel: [    0.000000] x86/fpu: Supporting XSAVE feature 0x200: 'Protection Keys User registers'
Jun 20 15:57:26 ip-172-31-44-191 kernel: [    0.000000] x86/fpu: xstate_offset[2]:  576, xstate_sizes[2]:  256
Jun 20 15:57:26 ip-172-31-44-191 kernel: [    0.000000] x86/fpu: xstate_offset[3]:  832, xstate_sizes[3]:   64
Jun 20 15:57:26 ip-172-31-44-191 kernel: [    0.000000] x86/fpu: xstate_offset[4]:  896, xstate_sizes[4]:   64
Jun 20 15:57:26 ip-172-31-44-191 kernel: [    0.000000] x86/fpu: xstate_offset[5]:  960, xstate_sizes[5]:   64
Jun 20 15:57:26 ip-172-31-44-191 kernel: [    0.000000] x86/fpu: xstate_offset[6]: 1024, xstate_sizes[6]:  512
Jun 20 15:57:26 ip-172-31-44-191 kernel: [    0.000000] x86/fpu: xstate_offset[7]: 1536, xstate_sizes[7]: 1024
Jun 20 15:57:26 ip-172-31-44-191 kernel: [    0.000000] x86/fpu: xstate_offset[9]: 2560, xstate_sizes[9]:    8
Jun 20 15:57:26 ip-172-31-44-191 kernel: [    0.000000] x86/fpu: Enabled xstate features 0x2ff, context size is 2568 bytes, using 'compacted' format.
Jun 20 15:57:26 ip-172-31-44-191 kernel: [    0.000000] BIOS-provided physical RAM map:
Jun 20 15:57:26 ip-172-31-44-191 kernel: [    0.000000] BIOS-e820: [mem 0x0000000000000000-0x000000000009fbff] usable
Jun 20 15:57:26 ip-172-31-44-191 kernel: [    0.000000] BIOS-e820: [mem 0x000000000009fc00-0x000000000009ffff] reserved
Jun 20 15:57:26 ip-172-31-44-191 kernel: [    0.000000] BIOS-e820: [mem 0x00000000000f0000-0x00000000000fffff] reserved
Jun 20 15:57:26 ip-172-31-44-191 kernel: [    0.000000] BIOS-e820: [mem 0x0000000000100000-0x00000000bffe9fff] usable
Jun 20 15:57:26 ip-172-31-44-191 kernel: [    0.000000] BIOS-e820: [mem 0x00000000bffea000-0x00000000bfffffff] reserved
Jun 20 15:57:26 ip-172-31-44-191 kernel: [    0.000000] BIOS-e820: [mem 0x00000000e0000000-0x00000000e03fffff] reserved
Jun 20 15:57:26 ip-172-31-44-191 kernel: [    0.000000] BIOS-e820: [mem 0x00000000fffc0000-0x00000000ffffffff] reserved
Jun 20 15:57:26 ip-172-31-44-191 kernel: [    0.000000] BIOS-e820: [mem 0x0000000100000000-0x000000022d3fffff] usable
Jun 20 15:57:26 ip-172-31-44-191 kernel: [    0.000000] BIOS-e820: [mem 0x000000022d400000-0x000000023fffffff] reserved
Jun 20 15:57:26 ip-172-31-44-191 kernel: [    0.000000] NX (Execute Disable) protection: active
Jun 20 15:57:26 ip-172-31-44-191 kernel: [    0.000000] SMBIOS 2.7 present.
Jun 20 15:57:26 ip-172-31-44-191 kernel: [    0.000000] DMI: Amazon EC2 m5.large/, BIOS 1.0 10/16/2017
Jun 20 15:57:26 ip-172-31-44-191 kernel: [    0.000000] Hypervisor detected: KVM
Jun 20 15:57:26 ip-172-31-44-191 kernel: [    0.000000] kvm-clock: Using msrs 4b564d01 and 4b564d00
Jun 20 15:57:26 ip-172-31-44-191 kernel: [    0.000000] kvm-clock: cpu 0, msr 40401001, primary cpu clock
Jun 20 15:57:26 ip-172-31-44-191 kernel: [    0.000000] kvm-clock: using sched offset of 2272209075 cycles
Jun 20 15:57:26 ip-172-31-44-191 kernel: [    0.000002] clocksource: kvm-clock: mask: 0xffffffffffffffff max_cycles: 0x1cd42e4dffb, max_idle_ns: 881590591483 ns
Jun 20 15:57:26 ip-172-31-44-191 kernel: [    0.000004] tsc: Detected 2499.994 MHz processor
Jun 20 15:57:26 ip-172-31-44-191 kernel: [    0.001094] e820: update [mem 0x00000000-0x00000fff] usable ==> reserved
Jun 20 15:57:26 ip-172-31-44-191 kernel: [    0.001095] e820: remove [mem 0x000a0000-0x000fffff] usable
Jun 20 15:57:26 ip-172-31-44-191 kernel: [    0.001098] last_pfn = 0x22d400 max_arch_pfn = 0x400000000
Jun 20 15:57:26 ip-172-31-44-191 kernel: [    0.001133] MTRR default type: write-back
Jun 20 15:57:26 ip-172-31-44-191 kernel: [    0.001134] MTRR fixed ranges enabled:
Jun 20 15:57:26 ip-172-31-44-191 kernel: [    0.001135]   00000-9FFFF write-back
Jun 20 15:57:26 ip-172-31-44-191 kernel: [    0.001135]   A0000-BFFFF uncachable
Jun 20 15:57:26 ip-172-31-44-191 kernel: [    0.001136]   C0000-FFFFF write-protect
Jun 20 15:57:26 ip-172-31-44-191 kernel: [    0.001137] MTRR variable ranges enabled:
Jun 20 15:57:26 ip-172-31-44-191 kernel: [    0.001138]   0 base 0000C0000000 mask 3FFFC0000000 uncachable
Jun 20 15:57:26 ip-172-31-44-191 kernel: [    0.001138]   1 disabled
Jun 20 15:57:26 ip-172-31-44-191 kernel: [    0.001139]   2 disabled
Jun 20 15:57:26 ip-172-31-44-191 kernel: [    0.001139]   3 disabled
Jun 20 15:57:26 ip-172-31-44-191 kernel: [    0.001140]   4 disabled
Jun 20 15:57:26 ip-172-31-44-191 kernel: [    0.001140]   5 disabled
Jun 20 15:57:26 ip-172-31-44-191 kernel: [    0.001140]   6 disabled
Jun 20 15:57:26 ip-172-31-44-191 kernel: [    0.001141]   7 disabled
Jun 20 15:57:26 ip-172-31-44-191 kernel: [    0.001148] x86/PAT: Configuration [0-7]: WB  WC  UC- UC  WB  WP  UC- WT  
Jun 20 15:57:26 ip-172-31-44-191 kernel: [    0.001156] last_pfn = 0xbffea max_arch_pfn = 0x400000000
Jun 20 15:57:26 ip-172-31-44-191 kernel: [    0.008261] check: Scanning 1 areas for low memory corruption
Jun 20 15:57:26 ip-172-31-44-191 kernel: [    0.008337] Using GB pages for direct mapping
Jun 20 15:57:26 ip-172-31-44-191 kernel: [    0.008497] RAMDISK: [mem 0x356bf000-0x36b56fff]
Jun 20 15:57:26 ip-172-31-44-191 kernel: [    0.008503] ACPI: Early table checksum verification disabled
Jun 20 15:57:26 ip-172-31-44-191 kernel: [    0.008510] ACPI: RSDP 0x00000000000F8F40 000014 (v00 AMAZON)
Jun 20 15:57:26 ip-172-31-44-191 kernel: [    0.008515] ACPI: RSDT 0x00000000BFFEE350 000044 (v01 AMAZON AMZNRSDT 00000001 AMZN 00000001)
Jun 20 15:57:26 ip-172-31-44-191 kernel: [    0.008519] ACPI: FACP 0x00000000BFFEFF80 000074 (v01 AMAZON AMZNFACP 00000001 AMZN 00000001)
Jun 20 15:57:26 ip-172-31-44-191 kernel: [    0.008524] ACPI: DSDT 0x00000000BFFEE3A0 0010E9 (v01 AMAZON AMZNDSDT 00000001 AMZN 00000001)
Jun 20 15:57:26 ip-172-31-44-191 kernel: [    0.008526] ACPI: FACS 0x00000000BFFEFF40 000040
Jun 20 15:57:26 ip-172-31-44-191 kernel: [    0.008528] ACPI: SSDT 0x00000000BFFEF6C0 00087A (v01 AMAZON AMZNSSDT 00000001 AMZN 00000001)
Jun 20 15:57:26 ip-172-31-44-191 kernel: [    0.008530] ACPI: APIC 0x00000000BFFEF5D0 000076 (v01 AMAZON AMZNAPIC 00000001 AMZN 00000001)
Jun 20 15:57:26 ip-172-31-44-191 kernel: [    0.008533] ACPI: SRAT 0x00000000BFFEF530 0000A0 (v01 AMAZON AMZNSRAT 00000001 AMZN 00000001)
Jun 20 15:57:26 ip-172-31-44-191 kernel: [    0.008535] ACPI: SLIT 0x00000000BFFEF4C0 00006C (v01 AMAZON AMZNSLIT 00000001 AMZN 00000001)
Jun 20 15:57:26 ip-172-31-44-191 kernel: [    0.008537] ACPI: WAET 0x00000000BFFEF490 000028 (v01 AMAZON AMZNWAET 00000001 AMZN 00000001)
Jun 20 15:57:26 ip-172-31-44-191 kernel: [    0.008541] ACPI: HPET 0x00000000000C9000 000038 (v01 AMAZON AMZNHPET 00000001 AMZN 00000001)
Jun 20 15:57:26 ip-172-31-44-191 kernel: [    0.008543] ACPI: SSDT 0x00000000000C9040 00007B (v01 AMAZON AMZNSSDT 00000001 AMZN 00000001)
Jun 20 15:57:26 ip-172-31-44-191 kernel: [    0.008545] ACPI: Reserving FACP table memory at [mem 0xbffeff80-0xbffefff3]
Jun 20 15:57:26 ip-172-31-44-191 kernel: [    0.008546] ACPI: Reserving DSDT table memory at [mem 0xbffee3a0-0xbffef488]
Jun 20 15:57:26 ip-172-31-44-191 kernel: [    0.008547] ACPI: Reserving FACS table memory at [mem 0xbffeff40-0xbffeff7f]
Jun 20 15:57:26 ip-172-31-44-191 kernel: [    0.008548] ACPI: Reserving SSDT table memory at [mem 0xbffef6c0-0xbffeff39]
Jun 20 15:57:26 ip-172-31-44-191 kernel: [    0.008548] ACPI: Reserving APIC table memory at [mem 0xbffef5d0-0xbffef645]
Jun 20 15:57:26 ip-172-31-44-191 kernel: [    0.008549] ACPI: Reserving SRAT table memory at [mem 0xbffef530-0xbffef5cf]
Jun 20 15:57:26 ip-172-31-44-191 kernel: [    0.008550] ACPI: Reserving SLIT table memory at [mem 0xbffef4c0-0xbffef52b]
Jun 20 15:57:26 ip-172-31-44-191 kernel: [    0.008551] ACPI: Reserving WAET table memory at [mem 0xbffef490-0xbffef4b7]
Jun 20 15:57:26 ip-172-31-44-191 kernel: [    0.008551] ACPI: Reserving HPET table memory at [mem 0xc9000-0xc9037]
Jun 20 15:57:26 ip-172-31-44-191 kernel: [    0.008552] ACPI: Reserving SSDT table memory at [mem 0xc9040-0xc90ba]
Jun 20 15:57:26 ip-172-31-44-191 kernel: [    0.008568] ACPI: Local APIC address 0xfee00000
Jun 20 15:57:26 ip-172-31-44-191 kernel: [    0.008638] SRAT: PXM 0 -> APIC 0x00 -> Node 0
Jun 20 15:57:26 ip-172-31-44-191 kernel: [    0.008640] SRAT: PXM 0 -> APIC 0x01 -> Node 0
Jun 20 15:57:26 ip-172-31-44-191 kernel: [    0.008643] ACPI: SRAT: Node 0 PXM 0 [mem 0x00000000-0xbfffffff]
Jun 20 15:57:26 ip-172-31-44-191 kernel: [    0.008645] ACPI: SRAT: Node 0 PXM 0 [mem 0x100000000-0x23fffffff]
Jun 20 15:57:26 ip-172-31-44-191 kernel: [    0.008652] NUMA: Initialized distance table, cnt=1
Jun 20 15:57:26 ip-172-31-44-191 kernel: [    0.008654] NUMA: Node 0 [mem 0x00000000-0xbfffffff] + [mem 0x100000000-0x22d3fffff] -> [mem 0x00000000-0x22d3fffff]
Jun 20 15:57:26 ip-172-31-44-191 kernel: [    0.008668] NODE_DATA(0) allocated [mem 0x22d3d2000-0x22d3fcfff]
Jun 20 15:57:26 ip-172-31-44-191 kernel: [    0.008937] Zone ranges:
Jun 20 15:57:26 ip-172-31-44-191 kernel: [    0.008938]   DMA      [mem 0x0000000000001000-0x0000000000ffffff]
Jun 20 15:57:26 ip-172-31-44-191 kernel: [    0.008940]   DMA32    [mem 0x0000000001000000-0x00000000ffffffff]
Jun 20 15:57:26 ip-172-31-44-191 kernel: [    0.008941]   Normal   [mem 0x0000000100000000-0x000000022d3fffff]
Jun 20 15:57:26 ip-172-31-44-191 kernel: [    0.008942]   Device   empty
Jun 20 15:57:26 ip-172-31-44-191 kernel: [    0.008942] Movable zone start for each node
Jun 20 15:57:26 ip-172-31-44-191 kernel: [    0.008945] Early memory node ranges
Jun 20 15:57:26 ip-172-31-44-191 kernel: [    0.008946]   node   0: [mem 0x0000000000001000-0x000000000009efff]
Jun 20 15:57:26 ip-172-31-44-191 kernel: [    0.008947]   node   0: [mem 0x0000000000100000-0x00000000bffe9fff]
Jun 20 15:57:26 ip-172-31-44-191 kernel: [    0.008948]   node   0: [mem 0x0000000100000000-0x000000022d3fffff]
Jun 20 15:57:26 ip-172-31-44-191 kernel: [    0.009057] Zeroed struct page in unavailable ranges: 11384 pages
Jun 20 15:57:26 ip-172-31-44-191 kernel: [    0.009058] Initmem setup node 0 [mem 0x0000000000001000-0x000000022d3fffff]
Jun 20 15:57:26 ip-172-31-44-191 kernel: [    0.009059] On node 0 totalpages: 2020232
Jun 20 15:57:26 ip-172-31-44-191 kernel: [    0.009060]   DMA zone: 64 pages used for memmap
Jun 20 15:57:26 ip-172-31-44-191 kernel: [    0.009061]   DMA zone: 21 pages reserved
Jun 20 15:57:26 ip-172-31-44-191 kernel: [    0.009061]   DMA zone: 3998 pages, LIFO batch:0
Jun 20 15:57:26 ip-172-31-44-191 kernel: [    0.009111]   DMA32 zone: 12224 pages used for memmap
Jun 20 15:57:26 ip-172-31-44-191 kernel: [    0.009112]   DMA32 zone: 782314 pages, LIFO batch:63
Jun 20 15:57:26 ip-172-31-44-191 kernel: [    0.019341]   Normal zone: 19280 pages used for memmap
Jun 20 15:57:26 ip-172-31-44-191 kernel: [    0.019342]   Normal zone: 1233920 pages, LIFO batch:63
Jun 20 15:57:26 ip-172-31-44-191 kernel: [    0.034413] ACPI: PM-Timer IO Port: 0xb008
Jun 20 15:57:26 ip-172-31-44-191 kernel: [    0.034415] ACPI: Local APIC address 0xfee00000
Jun 20 15:57:26 ip-172-31-44-191 kernel: [    0.034422] ACPI: LAPIC_NMI (acpi_id[0xff] dfl dfl lint[0x1])
Jun 20 15:57:26 ip-172-31-44-191 kernel: [    0.034460] IOAPIC[0]: apic_id 0, version 17, address 0xfec00000, GSI 0-23
Jun 20 15:57:26 ip-172-31-44-191 kernel: [    0.034461] ACPI: INT_SRC_OVR (bus 0 bus_irq 5 global_irq 5 high level)
Jun 20 15:57:26 ip-172-31-44-191 kernel: [    0.034463] ACPI: INT_SRC_OVR (bus 0 bus_irq 9 global_irq 9 high level)
Jun 20 15:57:26 ip-172-31-44-191 kernel: [    0.034464] ACPI: INT_SRC_OVR (bus 0 bus_irq 10 global_irq 10 high level)
Jun 20 15:57:26 ip-172-31-44-191 kernel: [    0.034465] ACPI: INT_SRC_OVR (bus 0 bus_irq 11 global_irq 11 high level)
Jun 20 15:57:26 ip-172-31-44-191 kernel: [    0.034466] ACPI: IRQ5 used by override.
Jun 20 15:57:26 ip-172-31-44-191 kernel: [    0.034467] ACPI: IRQ9 used by override.
Jun 20 15:57:26 ip-172-31-44-191 kernel: [    0.034467] ACPI: IRQ10 used by override.
Jun 20 15:57:26 ip-172-31-44-191 kernel: [    0.034468] ACPI: IRQ11 used by override.
Jun 20 15:57:26 ip-172-31-44-191 kernel: [    0.034469] Using ACPI (MADT) for SMP configuration information
Jun 20 15:57:26 ip-172-31-44-191 kernel: [    0.034470] ACPI: HPET id: 0x8086a201 base: 0xfed00000
Jun 20 15:57:26 ip-172-31-44-191 kernel: [    0.034473] TSC deadline timer available
Jun 20 15:57:26 ip-172-31-44-191 kernel: [    0.034474] smpboot: Allowing 2 CPUs, 0 hotplug CPUs
Jun 20 15:57:26 ip-172-31-44-191 kernel: [    0.034493] PM: Registered nosave memory: [mem 0x00000000-0x00000fff]
Jun 20 15:57:26 ip-172-31-44-191 kernel: [    0.034494] PM: Registered nosave memory: [mem 0x0009f000-0x0009ffff]
Jun 20 15:57:26 ip-172-31-44-191 kernel: [    0.034495] PM: Registered nosave memory: [mem 0x000a0000-0x000effff]
Jun 20 15:57:26 ip-172-31-44-191 kernel: [    0.034495] PM: Registered nosave memory: [mem 0x000f0000-0x000fffff]
Jun 20 15:57:26 ip-172-31-44-191 kernel: [    0.034497] PM: Registered nosave memory: [mem 0xbffea000-0xbfffffff]
Jun 20 15:57:26 ip-172-31-44-191 kernel: [    0.034497] PM: Registered nosave memory: [mem 0xc0000000-0xdfffffff]
Jun 20 15:57:26 ip-172-31-44-191 kernel: [    0.034498] PM: Registered nosave memory: [mem 0xe0000000-0xe03fffff]
Jun 20 15:57:26 ip-172-31-44-191 kernel: [    0.034499] PM: Registered nosave memory: [mem 0xe0400000-0xfffbffff]
Jun 20 15:57:26 ip-172-31-44-191 kernel: [    0.034500] PM: Registered nosave memory: [mem 0xfffc0000-0xffffffff]
Jun 20 15:57:26 ip-172-31-44-191 kernel: [    0.034501] [mem 0xc0000000-0xdfffffff] available for PCI devices
Jun 20 15:57:26 ip-172-31-44-191 kernel: [    0.034502] Booting paravirtualized kernel on KVM
Jun 20 15:57:26 ip-172-31-44-191 kernel: [    0.034505] clocksource: refined-jiffies: mask: 0xffffffff max_cycles: 0xffffffff, max_idle_ns: 7645519600211568 ns
Jun 20 15:57:26 ip-172-31-44-191 kernel: [    0.034509] setup_percpu: NR_CPUS:8192 nr_cpumask_bits:2 nr_cpu_ids:2 nr_node_ids:1
Jun 20 15:57:26 ip-172-31-44-191 kernel: [    0.034846] percpu: Embedded 59 pages/cpu s204800 r8192 d28672 u1048576
Jun 20 15:57:26 ip-172-31-44-191 kernel: [    0.034850] pcpu-alloc: s204800 r8192 d28672 u1048576 alloc=1*2097152
Jun 20 15:57:26 ip-172-31-44-191 kernel: [    0.034851] pcpu-alloc: [0] 0 1 
Jun 20 15:57:26 ip-172-31-44-191 kernel: [    0.034870] setup async PF for cpu 0
Jun 20 15:57:26 ip-172-31-44-191 kernel: [    0.034874] kvm-stealtime: cpu 0, msr 225231040
Jun 20 15:57:26 ip-172-31-44-191 kernel: [    0.034880] Built 1 zonelists, mobility grouping on.  Total pages: 1988643
Jun 20 15:57:26 ip-172-31-44-191 kernel: [    0.034880] Policy zone: Normal
Jun 20 15:57:26 ip-172-31-44-191 kernel: [    0.034881] Kernel command line: BOOT_IMAGE=/boot/vmlinuz-5.4.0-1080-aws root=LABEL=cloudimg-rootfs ro console=tty1 console=ttyS0 nvme_core.io_timeout=4294967295
Jun 20 15:57:26 ip-172-31-44-191 kernel: [    0.036110] Dentry cache hash table entries: 1048576 (order: 11, 8388608 bytes, linear)
Jun 20 15:57:26 ip-172-31-44-191 kernel: [    0.036691] Inode-cache hash table entries: 524288 (order: 10, 4194304 bytes, linear)
Jun 20 15:57:26 ip-172-31-44-191 kernel: [    0.036727] mem auto-init: stack:off, heap alloc:on, heap free:off
Jun 20 15:57:26 ip-172-31-44-191 kernel: [    0.046042] Calgary: detecting Calgary via BIOS EBDA area
Jun 20 15:57:26 ip-172-31-44-191 kernel: [    0.046051] Calgary: Unable to locate Rio Grande table in EBDA - bailing!
Jun 20 15:57:26 ip-172-31-44-191 kernel: [    0.061874] Memory: 7816948K/8080928K available (14339K kernel code, 2314K rwdata, 8968K rodata, 2680K init, 5108K bss, 263980K reserved, 0K cma-reserved)
Jun 20 15:57:26 ip-172-31-44-191 kernel: [    0.061881] random: get_random_u64 called from __kmem_cache_create+0x41/0x560 with crng_init=0
Jun 20 15:57:26 ip-172-31-44-191 kernel: [    0.061981] SLUB: HWalign=64, Order=0-3, MinObjects=0, CPUs=2, Nodes=1
Jun 20 15:57:26 ip-172-31-44-191 kernel: [    0.061990] Kernel/User page tables isolation: enabled
Jun 20 15:57:26 ip-172-31-44-191 kernel: [    0.062002] ftrace: allocating 42894 entries in 168 pages
Jun 20 15:57:26 ip-172-31-44-191 kernel: [    0.077026] rcu: Hierarchical RCU implementation.
Jun 20 15:57:26 ip-172-31-44-191 kernel: [    0.077028] rcu: 	RCU restricting CPUs from NR_CPUS=8192 to nr_cpu_ids=2.
Jun 20 15:57:26 ip-172-31-44-191 kernel: [    0.077029] 	Tasks RCU enabled.
Jun 20 15:57:26 ip-172-31-44-191 kernel: [    0.077030] rcu: RCU calculated value of scheduler-enlistment delay is 25 jiffies.
Jun 20 15:57:26 ip-172-31-44-191 kernel: [    0.077031] rcu: Adjusting geometry for rcu_fanout_leaf=16, nr_cpu_ids=2
Jun 20 15:57:26 ip-172-31-44-191 kernel: [    0.079174] NR_IRQS: 524544, nr_irqs: 440, preallocated irqs: 16
Jun 20 15:57:26 ip-172-31-44-191 kernel: [    0.079356] random: crng done (trusting CPU's manufacturer)
Jun 20 15:57:26 ip-172-31-44-191 kernel: [    0.204130] Console: colour VGA+ 80x25
Jun 20 15:57:26 ip-172-31-44-191 kernel: [    0.659011] printk: console [tty1] enabled
Jun 20 15:57:26 ip-172-31-44-191 kernel: [    0.856772] printk: console [ttyS0] enabled
Jun 20 15:57:26 ip-172-31-44-191 kernel: [    0.860488] ACPI: Core revision 20190816
Jun 20 15:57:26 ip-172-31-44-191 kernel: [    0.864281] clocksource: hpet: mask: 0xffffffff max_cycles: 0xffffffff, max_idle_ns: 30580167144 ns
Jun 20 15:57:26 ip-172-31-44-191 kernel: [    0.871755] APIC: Switch to symmetric I/O mode setup
Jun 20 15:57:26 ip-172-31-44-191 kernel: [    0.876073] x2apic enabled
Jun 20 15:57:26 ip-172-31-44-191 kernel: [    0.879411] Switched APIC routing to physical x2apic.
Jun 20 15:57:26 ip-172-31-44-191 kernel: [    0.884591] clocksource: tsc-early: mask: 0xffffffffffffffff max_cycles: 0x240933eba6e, max_idle_ns: 440795246008 ns
Jun 20 15:57:26 ip-172-31-44-191 kernel: [    0.892775] Calibrating delay loop (skipped) preset value.. 4999.98 BogoMIPS (lpj=9999976)
Jun 20 15:57:26 ip-172-31-44-191 kernel: [    0.896772] pid_max: default: 32768 minimum: 301
Jun 20 15:57:26 ip-172-31-44-191 kernel: [    0.896772] LSM: Security Framework initializing
Jun 20 15:57:26 ip-172-31-44-191 kernel: [    0.896772] Yama: becoming mindful.
Jun 20 15:57:26 ip-172-31-44-191 kernel: [    0.896772] AppArmor: AppArmor initialized
Jun 20 15:57:26 ip-172-31-44-191 kernel: [    0.896772] Mount-cache hash table entries: 16384 (order: 5, 131072 bytes, linear)
Jun 20 15:57:26 ip-172-31-44-191 kernel: [    0.896772] Mountpoint-cache hash table entries: 16384 (order: 5, 131072 bytes, linear)
Jun 20 15:57:26 ip-172-31-44-191 kernel: [    0.896772] *** VALIDATE tmpfs ***
Jun 20 15:57:26 ip-172-31-44-191 kernel: [    0.896772] *** VALIDATE proc ***
Jun 20 15:57:26 ip-172-31-44-191 kernel: [    0.896772] *** VALIDATE cgroup1 ***
Jun 20 15:57:26 ip-172-31-44-191 kernel: [    0.896772] *** VALIDATE cgroup2 ***
Jun 20 15:57:26 ip-172-31-44-191 kernel: [    0.896772] Last level iTLB entries: 4KB 64, 2MB 8, 4MB 8
Jun 20 15:57:26 ip-172-31-44-191 kernel: [    0.896772] Last level dTLB entries: 4KB 64, 2MB 0, 4MB 0, 1GB 4
Jun 20 15:57:26 ip-172-31-44-191 kernel: [    0.896772] Spectre V1 : Mitigation: usercopy/swapgs barriers and __user pointer sanitization
Jun 20 15:57:26 ip-172-31-44-191 kernel: [    0.896772] Spectre V2 : Mitigation: Retpolines
Jun 20 15:57:26 ip-172-31-44-191 kernel: [    0.896772] Spectre V2 : Spectre v2 / SpectreRSB mitigation: Filling RSB on context switch
Jun 20 15:57:26 ip-172-31-44-191 kernel: [    0.896772] Speculative Store Bypass: Vulnerable
Jun 20 15:57:26 ip-172-31-44-191 kernel: [    0.896772] MDS: Vulnerable: Clear CPU buffers attempted, no microcode
Jun 20 15:57:26 ip-172-31-44-191 kernel: [    0.896772] TAA: Vulnerable: Clear CPU buffers attempted, no microcode
Jun 20 15:57:26 ip-172-31-44-191 kernel: [    0.896772] MMIO Stale Data: Vulnerable: Clear CPU buffers attempted, no microcode
Jun 20 15:57:26 ip-172-31-44-191 kernel: [    0.896772] Freeing SMP alternatives memory: 40K
Jun 20 15:57:26 ip-172-31-44-191 kernel: [    0.896772] smpboot: CPU0: Intel(R) Xeon(R) Platinum 8175M CPU @ 2.50GHz (family: 0x6, model: 0x55, stepping: 0x4)
Jun 20 15:57:26 ip-172-31-44-191 kernel: [    0.896900] Performance Events: unsupported p6 CPU model 85 no PMU driver, software events only.
Jun 20 15:57:26 ip-172-31-44-191 kernel: [    0.900820] rcu: Hierarchical SRCU implementation.
Jun 20 15:57:26 ip-172-31-44-191 kernel: [    0.906215] NMI watchdog: Perf NMI watchdog permanently disabled
Jun 20 15:57:26 ip-172-31-44-191 kernel: [    0.908823] smp: Bringing up secondary CPUs ...
Jun 20 15:57:26 ip-172-31-44-191 kernel: [    0.912859] x86: Booting SMP configuration:
Jun 20 15:57:26 ip-172-31-44-191 kernel: [    0.916487] .... node  #0, CPUs:      #1
Jun 20 15:57:26 ip-172-31-44-191 kernel: [    0.817458] kvm-clock: cpu 1, msr 40401041, secondary cpu clock
Jun 20 15:57:26 ip-172-31-44-191 kernel: [    0.918721] setup async PF for cpu 1
Jun 20 15:57:26 ip-172-31-44-191 kernel: [    0.920772] kvm-stealtime: cpu 1, msr 225331040
Jun 20 15:57:26 ip-172-31-44-191 kernel: [    0.928828] MDS CPU bug present and SMT on, data leak possible. See https://www.kernel.org/doc/html/latest/admin-guide/hw-vuln/mds.html for more details.
Jun 20 15:57:26 ip-172-31-44-191 kernel: [    0.932776] TAA CPU bug present and SMT on, data leak possible. See https://www.kernel.org/doc/html/latest/admin-guide/hw-vuln/tsx_async_abort.html for more details.
Jun 20 15:57:26 ip-172-31-44-191 kernel: [    0.936775] MMIO Stale Data CPU bug present and SMT on, data leak possible. See https://www.kernel.org/doc/html/latest/admin-guide/hw-vuln/processor_mmio_stale_data.html for more details.
Jun 20 15:57:26 ip-172-31-44-191 kernel: [    0.940794] smp: Brought up 1 node, 2 CPUs
Jun 20 15:57:26 ip-172-31-44-191 kernel: [    0.944402] smpboot: Max logical packages: 1
Jun 20 15:57:26 ip-172-31-44-191 kernel: [    0.944775] smpboot: Total of 2 processors activated (9999.97 BogoMIPS)
Jun 20 15:57:26 ip-172-31-44-191 kernel: [    0.949271] devtmpfs: initialized
Jun 20 15:57:26 ip-172-31-44-191 kernel: [    0.952052] x86/mm: Memory block size: 128MB
Jun 20 15:57:26 ip-172-31-44-191 kernel: [    0.956840] clocksource: jiffies: mask: 0xffffffff max_cycles: 0xffffffff, max_idle_ns: 7645041785100000 ns
Jun 20 15:57:26 ip-172-31-44-191 kernel: [    0.960790] futex hash table entries: 512 (order: 3, 32768 bytes, linear)
Jun 20 15:57:26 ip-172-31-44-191 kernel: [    0.968831] pinctrl core: initialized pinctrl subsystem
Jun 20 15:57:26 ip-172-31-44-191 kernel: [    0.972987] PM: RTC time: 15:57:13, date: 2022-06-20
Jun 20 15:57:26 ip-172-31-44-191 kernel: [    0.976886] NET: Registered protocol family 16
Jun 20 15:57:26 ip-172-31-44-191 kernel: [    0.980680] audit: initializing netlink subsys (disabled)
Jun 20 15:57:26 ip-172-31-44-191 kernel: [    0.984797] audit: type=2000 audit(1655740632.835:1): state=initialized audit_enabled=0 res=1
Jun 20 15:57:26 ip-172-31-44-191 kernel: [    0.984928] EISA bus registered
Jun 20 15:57:26 ip-172-31-44-191 kernel: [    0.991932] cpuidle: using governor ladder
Jun 20 15:57:26 ip-172-31-44-191 kernel: [    0.992778] cpuidle: using governor menu
Jun 20 15:57:26 ip-172-31-44-191 kernel: [    0.996357] ACPI: bus type PCI registered
Jun 20 15:57:26 ip-172-31-44-191 kernel: [    0.996776] acpiphp: ACPI Hot Plug PCI Controller Driver version: 0.5
Jun 20 15:57:26 ip-172-31-44-191 kernel: [    1.000904] PCI: Using configuration type 1 for base access
Jun 20 15:57:26 ip-172-31-44-191 kernel: [    1.006148] HugeTLB registered 1.00 GiB page size, pre-allocated 0 pages
Jun 20 15:57:26 ip-172-31-44-191 kernel: [    1.008782] HugeTLB registered 2.00 MiB page size, pre-allocated 0 pages
Jun 20 15:57:26 ip-172-31-44-191 kernel: [    1.012828] ACPI: Added _OSI(Module Device)
Jun 20 15:57:26 ip-172-31-44-191 kernel: [    1.016780] ACPI: Added _OSI(Processor Device)
Jun 20 15:57:26 ip-172-31-44-191 kernel: [    1.020570] ACPI: Added _OSI(3.0 _SCP Extensions)
Jun 20 15:57:26 ip-172-31-44-191 kernel: [    1.020784] ACPI: Added _OSI(Processor Aggregator Device)
Jun 20 15:57:26 ip-172-31-44-191 kernel: [    1.024775] ACPI: Added _OSI(Linux-Dell-Video)
Jun 20 15:57:26 ip-172-31-44-191 kernel: [    1.028516] ACPI: Added _OSI(Linux-Lenovo-NV-HDMI-Audio)
Jun 20 15:57:26 ip-172-31-44-191 kernel: [    1.028775] ACPI: Added _OSI(Linux-HPI-Hybrid-Graphics)
Jun 20 15:57:26 ip-172-31-44-191 kernel: [    1.033526] ACPI: 3 ACPI AML tables successfully acquired and loaded
Jun 20 15:57:26 ip-172-31-44-191 kernel: [    1.037624] ACPI: Interpreter enabled
Jun 20 15:57:26 ip-172-31-44-191 kernel: [    1.040784] ACPI: (supports S0 S4 S5)
Jun 20 15:57:26 ip-172-31-44-191 kernel: [    1.044195] ACPI: Using IOAPIC for interrupt routing
Jun 20 15:57:26 ip-172-31-44-191 kernel: [    1.044787] PCI: Using host bridge windows from ACPI; if necessary, use "pci=nocrs" and report a bug
Jun 20 15:57:26 ip-172-31-44-191 kernel: [    1.049124] ACPI: Enabled 16 GPEs in block 00 to 0F
Jun 20 15:57:26 ip-172-31-44-191 kernel: [    1.054871] ACPI: PCI Root Bridge [PCI0] (domain 0000 [bus 00-ff])
Jun 20 15:57:26 ip-172-31-44-191 kernel: [    1.056779] acpi PNP0A03:00: _OSC: OS supports [ASPM ClockPM Segments MSI HPX-Type3]
Jun 20 15:57:26 ip-172-31-44-191 kernel: [    1.060782] acpi PNP0A03:00: fail to add MMCONFIG information, can't access extended PCI configuration space under this bridge.
Jun 20 15:57:26 ip-172-31-44-191 kernel: [    1.065054] acpiphp: Slot [3] registered
Jun 20 15:57:26 ip-172-31-44-191 kernel: [    1.068618] acpiphp: Slot [4] registered
Jun 20 15:57:26 ip-172-31-44-191 kernel: [    1.068792] acpiphp: Slot [5] registered
Jun 20 15:57:26 ip-172-31-44-191 kernel: [    1.072321] acpiphp: Slot [6] registered
Jun 20 15:57:26 ip-172-31-44-191 kernel: [    1.072790] acpiphp: Slot [7] registered
Jun 20 15:57:26 ip-172-31-44-191 kernel: [    1.076330] acpiphp: Slot [8] registered
Jun 20 15:57:26 ip-172-31-44-191 kernel: [    1.076791] acpiphp: Slot [9] registered
Jun 20 15:57:26 ip-172-31-44-191 kernel: [    1.080357] acpiphp: Slot [10] registered
Jun 20 15:57:26 ip-172-31-44-191 kernel: [    1.080790] acpiphp: Slot [11] registered
Jun 20 15:57:26 ip-172-31-44-191 kernel: [    1.084377] acpiphp: Slot [12] registered
Jun 20 15:57:26 ip-172-31-44-191 kernel: [    1.084792] acpiphp: Slot [13] registered
Jun 20 15:57:26 ip-172-31-44-191 kernel: [    1.088385] acpiphp: Slot [14] registered
Jun 20 15:57:26 ip-172-31-44-191 kernel: [    1.088794] acpiphp: Slot [15] registered
Jun 20 15:57:26 ip-172-31-44-191 kernel: [    1.092373] acpiphp: Slot [16] registered
Jun 20 15:57:26 ip-172-31-44-191 kernel: [    1.092790] acpiphp: Slot [17] registered
Jun 20 15:57:26 ip-172-31-44-191 kernel: [    1.096385] acpiphp: Slot [18] registered
Jun 20 15:57:26 ip-172-31-44-191 kernel: [    1.096790] acpiphp: Slot [19] registered
Jun 20 15:57:26 ip-172-31-44-191 kernel: [    1.100396] acpiphp: Slot [20] registered
Jun 20 15:57:26 ip-172-31-44-191 kernel: [    1.100792] acpiphp: Slot [21] registered
Jun 20 15:57:26 ip-172-31-44-191 kernel: [    1.104341] acpiphp: Slot [22] registered
Jun 20 15:57:26 ip-172-31-44-191 kernel: [    1.104791] acpiphp: Slot [23] registered
Jun 20 15:57:26 ip-172-31-44-191 kernel: [    1.108354] acpiphp: Slot [24] registered
Jun 20 15:57:26 ip-172-31-44-191 kernel: [    1.108791] acpiphp: Slot [25] registered
Jun 20 15:57:26 ip-172-31-44-191 kernel: [    1.112357] acpiphp: Slot [26] registered
Jun 20 15:57:26 ip-172-31-44-191 kernel: [    1.112791] acpiphp: Slot [27] registered
Jun 20 15:57:26 ip-172-31-44-191 kernel: [    1.116356] acpiphp: Slot [28] registered
Jun 20 15:57:26 ip-172-31-44-191 kernel: [    1.116790] acpiphp: Slot [29] registered
Jun 20 15:57:26 ip-172-31-44-191 kernel: [    1.120361] acpiphp: Slot [30] registered
Jun 20 15:57:26 ip-172-31-44-191 kernel: [    1.120790] acpiphp: Slot [31] registered
Jun 20 15:57:26 ip-172-31-44-191 kernel: [    1.124348] PCI host bridge to bus 0000:00
Jun 20 15:57:26 ip-172-31-44-191 kernel: [    1.124777] pci_bus 0000:00: root bus resource [io  0x0000-0x0cf7 window]
Jun 20 15:57:26 ip-172-31-44-191 kernel: [    1.128781] pci_bus 0000:00: root bus resource [io  0x0d00-0xffff window]
Jun 20 15:57:26 ip-172-31-44-191 kernel: [    1.132793] pci_bus 0000:00: root bus resource [mem 0x000a0000-0x000bffff window]
Jun 20 15:57:26 ip-172-31-44-191 kernel: [    1.136775] pci_bus 0000:00: root bus resource [mem 0xc0000000-0xfebfffff window]
Jun 20 15:57:26 ip-172-31-44-191 kernel: [    1.140776] pci_bus 0000:00: root bus resource [bus 00-ff]
Jun 20 15:57:26 ip-172-31-44-191 kernel: [    1.144819] pci 0000:00:00.0: [8086:1237] type 00 class 0x060000
Jun 20 15:57:26 ip-172-31-44-191 kernel: [    1.149563] pci 0000:00:01.0: [8086:7000] type 00 class 0x060100
Jun 20 15:57:26 ip-172-31-44-191 kernel: [    1.154129] pci 0000:00:01.3: [8086:7113] type 00 class 0x000000
Jun 20 15:57:26 ip-172-31-44-191 kernel: [    1.157857] pci 0000:00:01.3: quirk: [io  0xb000-0xb03f] claimed by PIIX4 ACPI
Jun 20 15:57:26 ip-172-31-44-191 kernel: [    1.160794] pci 0000:00:01.3: quirk: [io  0xb100-0xb10f] claimed by PIIX4 SMB
Jun 20 15:57:26 ip-172-31-44-191 kernel: [    1.164849] pci 0000:00:01.3: PIIX4 devres E PIO at fff0-ffff
Jun 20 15:57:26 ip-172-31-44-191 kernel: [    1.168793] pci 0000:00:01.3: PIIX4 devres F MMIO at ffc00000-ffffffff
Jun 20 15:57:26 ip-172-31-44-191 kernel: [    1.172793] pci 0000:00:01.3: PIIX4 devres G PIO at fff0-ffff
Jun 20 15:57:26 ip-172-31-44-191 kernel: [    1.176795] pci 0000:00:01.3: PIIX4 devres H MMIO at ffc00000-ffffffff
Jun 20 15:57:26 ip-172-31-44-191 kernel: [    1.180794] pci 0000:00:01.3: PIIX4 devres I PIO at fff0-ffff
Jun 20 15:57:26 ip-172-31-44-191 kernel: [    1.184794] pci 0000:00:01.3: PIIX4 devres J PIO at fff0-ffff
Jun 20 15:57:26 ip-172-31-44-191 kernel: [    1.188778] pci 0000:00:01.3: quirk_piix4_acpi+0x0/0x160 took 31250 usecs
Jun 20 15:57:26 ip-172-31-44-191 kernel: [    1.193647] pci 0000:00:03.0: [1d0f:1111] type 00 class 0x030000
Jun 20 15:57:26 ip-172-31-44-191 kernel: [    1.197377] pci 0000:00:03.0: reg 0x10: [mem 0xfe400000-0xfe7fffff pref]
Jun 20 15:57:26 ip-172-31-44-191 kernel: [    1.202627] pci 0000:00:03.0: reg 0x30: [mem 0xfebd0000-0xfebdffff pref]
Jun 20 15:57:26 ip-172-31-44-191 kernel: [    1.205412] pci 0000:00:04.0: [1d0f:8061] type 00 class 0x010802
Jun 20 15:57:26 ip-172-31-44-191 kernel: [    1.209994] pci 0000:00:04.0: reg 0x10: [mem 0xfebf0000-0xfebf3fff]
Jun 20 15:57:26 ip-172-31-44-191 kernel: [    1.218536] pci 0000:00:05.0: [1d0f:ec20] type 00 class 0x020000
Jun 20 15:57:26 ip-172-31-44-191 kernel: [    1.221740] pci 0000:00:05.0: reg 0x10: [mem 0xfebf4000-0xfebf7fff]
Jun 20 15:57:26 ip-172-31-44-191 kernel: [    1.226396] pci 0000:00:05.0: reg 0x18: [mem 0xfe800000-0xfe8fffff pref]
Jun 20 15:57:26 ip-172-31-44-191 kernel: [    1.230390] pci 0000:00:05.0: reg 0x20: [mem 0xfebe0000-0xfebeffff]
Jun 20 15:57:26 ip-172-31-44-191 kernel: [    1.242604] ACPI: PCI Interrupt Link [LNKA] (IRQs 5 *10 11)
Jun 20 15:57:26 ip-172-31-44-191 kernel: [    1.244894] ACPI: PCI Interrupt Link [LNKB] (IRQs 5 *10 11)
Jun 20 15:57:26 ip-172-31-44-191 kernel: [    1.248884] ACPI: PCI Interrupt Link [LNKC] (IRQs 5 10 *11)
Jun 20 15:57:26 ip-172-31-44-191 kernel: [    1.252879] ACPI: PCI Interrupt Link [LNKD] (IRQs 5 10 *11)
Jun 20 15:57:26 ip-172-31-44-191 kernel: [    1.256829] ACPI: PCI Interrupt Link [LNKS] (IRQs *9)
Jun 20 15:57:26 ip-172-31-44-191 kernel: [    1.260986] iommu: Default domain type: Translated 
Jun 20 15:57:26 ip-172-31-44-191 kernel: [    1.264903] SCSI subsystem initialized
Jun 20 15:57:26 ip-172-31-44-191 kernel: [    1.268332] libata version 3.00 loaded.
Jun 20 15:57:26 ip-172-31-44-191 kernel: [    1.268332] pci 0000:00:03.0: vgaarb: setting as boot VGA device
Jun 20 15:57:26 ip-172-31-44-191 kernel: [    1.268772] pci 0000:00:03.0: vgaarb: VGA device added: decodes=io+mem,owns=io+mem,locks=none
Jun 20 15:57:26 ip-172-31-44-191 kernel: [    1.276777] pci 0000:00:03.0: vgaarb: bridge control possible
Jun 20 15:57:26 ip-172-31-44-191 kernel: [    1.280775] vgaarb: loaded
Jun 20 15:57:26 ip-172-31-44-191 kernel: [    1.283819] ACPI: bus type USB registered
Jun 20 15:57:26 ip-172-31-44-191 kernel: [    1.288788] usbcore: registered new interface driver usbfs
Jun 20 15:57:26 ip-172-31-44-191 kernel: [    1.292781] usbcore: registered new interface driver hub
Jun 20 15:57:26 ip-172-31-44-191 kernel: [    1.296779] usbcore: registered new device driver usb
Jun 20 15:57:26 ip-172-31-44-191 kernel: [    1.300790] pps_core: LinuxPPS API ver. 1 registered
Jun 20 15:57:26 ip-172-31-44-191 kernel: [    1.304754] pps_core: Software ver. 5.3.6 - Copyright 2005-2007 Rodolfo Giometti <giometti@linux.it>
Jun 20 15:57:26 ip-172-31-44-191 kernel: [    1.312776] PTP clock support registered
Jun 20 15:57:26 ip-172-31-44-191 kernel: [    1.316794] EDAC MC: Ver: 3.0.0
Jun 20 15:57:26 ip-172-31-44-191 kernel: [    1.320990] PCI: Using ACPI for IRQ routing
Jun 20 15:57:26 ip-172-31-44-191 kernel: [    1.324406] PCI: pci_cache_line_size set to 64 bytes
Jun 20 15:57:26 ip-172-31-44-191 kernel: [    1.324868] e820: reserve RAM buffer [mem 0x0009fc00-0x0009ffff]
Jun 20 15:57:26 ip-172-31-44-191 kernel: [    1.324869] e820: reserve RAM buffer [mem 0xbffea000-0xbfffffff]
Jun 20 15:57:26 ip-172-31-44-191 kernel: [    1.324869] e820: reserve RAM buffer [mem 0x22d400000-0x22fffffff]
Jun 20 15:57:26 ip-172-31-44-191 kernel: [    1.324962] NetLabel: Initializing
Jun 20 15:57:26 ip-172-31-44-191 kernel: [    1.328257] NetLabel:  domain hash size = 128
Jun 20 15:57:26 ip-172-31-44-191 kernel: [    1.328775] NetLabel:  protocols = UNLABELED CIPSOv4 CALIPSO
Jun 20 15:57:26 ip-172-31-44-191 kernel: [    1.332786] NetLabel:  unlabeled traffic allowed by default
Jun 20 15:57:26 ip-172-31-44-191 kernel: [    1.336830] hpet0: at MMIO 0xfed00000, IRQs 2, 8, 0, 0, 0, 0, 0, 0
Jun 20 15:57:26 ip-172-31-44-191 kernel: [    1.340776] hpet0: 8 comparators, 32-bit 62.500000 MHz counter
Jun 20 15:57:26 ip-172-31-44-191 kernel: [    1.348776] clocksource: Switched to clocksource kvm-clock
Jun 20 15:57:26 ip-172-31-44-191 kernel: [    1.363941] *** VALIDATE bpf ***
Jun 20 15:57:26 ip-172-31-44-191 kernel: [    1.367204] VFS: Disk quotas dquot_6.6.0
Jun 20 15:57:26 ip-172-31-44-191 kernel: [    1.370745] VFS: Dquot-cache hash table entries: 512 (order 0, 4096 bytes)
Jun 20 15:57:26 ip-172-31-44-191 kernel: [    1.375552] *** VALIDATE ramfs ***
Jun 20 15:57:26 ip-172-31-44-191 kernel: [    1.378840] *** VALIDATE hugetlbfs ***
Jun 20 15:57:26 ip-172-31-44-191 kernel: [    1.382337] AppArmor: AppArmor Filesystem Enabled
Jun 20 15:57:26 ip-172-31-44-191 kernel: [    1.386210] pnp: PnP ACPI init
Jun 20 15:57:26 ip-172-31-44-191 kernel: [    1.389424] pnp 00:00: Plug and Play ACPI device, IDs PNP0b00 (active)
Jun 20 15:57:26 ip-172-31-44-191 kernel: [    1.389454] pnp 00:01: Plug and Play ACPI device, IDs PNP0303 (active)
Jun 20 15:57:26 ip-172-31-44-191 kernel: [    1.389472] pnp 00:02: Plug and Play ACPI device, IDs PNP0f13 (active)
Jun 20 15:57:26 ip-172-31-44-191 kernel: [    1.389520] pnp 00:03: Plug and Play ACPI device, IDs PNP0400 (active)
Jun 20 15:57:26 ip-172-31-44-191 kernel: [    1.389561] pnp 00:04: Plug and Play ACPI device, IDs PNP0501 (active)
Jun 20 15:57:26 ip-172-31-44-191 kernel: [    1.389769] pnp: PnP ACPI: found 5 devices
Jun 20 15:57:26 ip-172-31-44-191 kernel: [    1.395463] thermal_sys: Registered thermal governor 'fair_share'
Jun 20 15:57:26 ip-172-31-44-191 kernel: [    1.395464] thermal_sys: Registered thermal governor 'bang_bang'
Jun 20 15:57:26 ip-172-31-44-191 kernel: [    1.399974] thermal_sys: Registered thermal governor 'step_wise'
Jun 20 15:57:26 ip-172-31-44-191 kernel: [    1.404455] thermal_sys: Registered thermal governor 'user_space'
Jun 20 15:57:26 ip-172-31-44-191 kernel: [    1.408904] thermal_sys: Registered thermal governor 'power_allocator'
Jun 20 15:57:26 ip-172-31-44-191 kernel: [    1.418065] clocksource: acpi_pm: mask: 0xffffff max_cycles: 0xffffff, max_idle_ns: 2085701024 ns
Jun 20 15:57:26 ip-172-31-44-191 kernel: [    1.430080] pci_bus 0000:00: resource 4 [io  0x0000-0x0cf7 window]
Jun 20 15:57:26 ip-172-31-44-191 kernel: [    1.434595] pci_bus 0000:00: resource 5 [io  0x0d00-0xffff window]
Jun 20 15:57:26 ip-172-31-44-191 kernel: [    1.439118] pci_bus 0000:00: resource 6 [mem 0x000a0000-0x000bffff window]
Jun 20 15:57:26 ip-172-31-44-191 kernel: [    1.443917] pci_bus 0000:00: resource 7 [mem 0xc0000000-0xfebfffff window]
Jun 20 15:57:26 ip-172-31-44-191 kernel: [    1.448813] NET: Registered protocol family 2
Jun 20 15:57:26 ip-172-31-44-191 kernel: [    1.452741] IP idents hash table entries: 131072 (order: 8, 1048576 bytes, linear)
Jun 20 15:57:26 ip-172-31-44-191 kernel: [    1.460263] tcp_listen_portaddr_hash hash table entries: 4096 (order: 4, 65536 bytes, linear)
Jun 20 15:57:26 ip-172-31-44-191 kernel: [    1.467525] TCP established hash table entries: 65536 (order: 7, 524288 bytes, linear)
Jun 20 15:57:26 ip-172-31-44-191 kernel: [    1.474671] TCP bind hash table entries: 65536 (order: 8, 1048576 bytes, linear)
Jun 20 15:57:26 ip-172-31-44-191 kernel: [    1.481433] TCP: Hash tables configured (established 65536 bind 65536)
Jun 20 15:57:26 ip-172-31-44-191 kernel: [    1.486182] UDP hash table entries: 4096 (order: 5, 131072 bytes, linear)
Jun 20 15:57:26 ip-172-31-44-191 kernel: [    1.491008] UDP-Lite hash table entries: 4096 (order: 5, 131072 bytes, linear)
Jun 20 15:57:26 ip-172-31-44-191 kernel: [    1.599461] NET: Registered protocol family 1
Jun 20 15:57:26 ip-172-31-44-191 kernel: [    1.603221] NET: Registered protocol family 44
Jun 20 15:57:26 ip-172-31-44-191 kernel: [    1.607011] pci 0000:00:00.0: Limiting direct PCI/PCI transfers
Jun 20 15:57:26 ip-172-31-44-191 kernel: [    1.611462] pci 0000:00:01.0: Activating ISA DMA hang workarounds
Jun 20 15:57:26 ip-172-31-44-191 kernel: [    1.616083] pci 0000:00:03.0: Video device with shadowed ROM at [mem 0x000c0000-0x000dffff]
Jun 20 15:57:26 ip-172-31-44-191 kernel: [    1.623268] PCI: CLS 0 bytes, default 64
Jun 20 15:57:26 ip-172-31-44-191 kernel: [    1.626839] Trying to unpack rootfs image as initramfs...
Jun 20 15:57:26 ip-172-31-44-191 kernel: [    1.915184] Freeing initrd memory: 21088K
Jun 20 15:57:26 ip-172-31-44-191 kernel: [    1.918821] PCI-DMA: Using software bounce buffering for IO (SWIOTLB)
